 0.36401E+01 0.24270E+00 0.28694E+00 0.21951E+02         5   10  241   22
-0.61258E+01 0.27764E+00 0.46599E+00 0.20810E+02        10    3  237   23
 0.76038E+01 0.36091E+00 0.76244E+00 0.18402E+02        15   10  241   21
 0.90461E+01 0.39194E+00 0.76224E+00 0.18266E+02        20    8  241   19
 0.55354E+01 0.38864E+00 0.12887E+01 0.14410E+02        25    7  241   16
 0.65372E+01 0.38496E+00 0.10062E+01 0.16458E+02        30   17  241   37
-0.97445E+01 0.39065E+00 0.14397E+01 0.13189E+02        35    9  241   13
 0.80079E+01 0.39564E+00 0.97592E+00 0.16404E+02        40    3  238   18
-0.89127E+01 0.39997E+00 0.12592E+01 0.14262E+02        45    8  242   36
 0.93815E+01 0.39710E+00 0.66955E+00 0.18938E+02        50    4  238   26
-0.13599E+02 0.39899E+00 0.61663E+00 0.18490E+02        55   11  243   18
-0.11371E+02 0.40481E+00 0.57084E+00 0.23182E+02        60   10  243   17
-0.12604E+02 0.41280E+00 0.63381E+00 0.25198E+02        65    8  243   27
-0.97802E+01 0.41725E+00 0.66811E+00 0.27551E+02        70    9  244   17
-0.85573E+01 0.41663E+00 0.67094E+00 0.28892E+02        75    9  244   18
 0.63796E+01 0.41069E+00 0.65747E+00 0.29529E+02        80    2  249   11
 0.12314E+02 0.40423E+00 0.63061E+00 0.29508E+02        85    7  234   27
 0.93118E+01 0.39800E+00 0.64255E+00 0.28792E+02        90    6  234   26
 0.16381E+02 0.39071E+00 0.63233E+00 0.27349E+02        95    3  234   22
 0.12498E+02 0.38529E+00 0.61411E+00 0.25214E+02       100    2  233   24
-0.14120E+02 0.38584E+00 0.59842E+00 0.22511E+02       105    9  240   23
-0.16424E+02 0.39134E+00 0.57398E+00 0.19384E+02       110   11  238   21
-0.18623E+02 0.40085E+00 0.58984E+00 0.16892E+02       115    8  346   17
-0.21732E+02 0.40964E+00 0.10332E+01 0.12661E+02       120    3  245   30
-0.19562E+02 0.41236E+00 0.97232E+00 0.12309E+02       125    8  345   12
 0.21672E+02 0.40485E+00 0.21375E+01 0.71839E+01       130    6  346   18
 0.20339E+02 0.39200E+00 0.27884E+01 0.59848E+01       135    7  346   17
-0.18305E+02 0.37918E+00 0.39222E+01 0.46417E+01       140    9  238   21
 0.16639E+02 0.36381E+00 0.35835E+01 0.49587E+01       145    1  238    6
 0.17127E+02 0.34698E+00 0.42491E+01 0.42613E+01       150    1  238    7
 0.12057E+02 0.33239E+00 0.35516E+01 0.47819E+01       155    1  238    8
 0.12596E+02 0.32295E+00 0.41659E+01 0.41255E+01       160    5  346   13
 0.11503E+02 0.31969E+00 0.36402E+01 0.46066E+01       165    5  346   12
-0.10656E+02 0.32128E+00 0.44606E+01 0.39029E+01       170   33  237    3
-0.96376E+01 0.32508E+00 0.38202E+01 0.43767E+01       175   35  241    3
-0.98988E+01 0.32435E+00 0.45072E+01 0.37718E+01       180   35  240    1
 0.77480E+01 0.31915E+00 0.36915E+01 0.43784E+01       185   33  231   21
-0.72024E+01 0.31215E+00 0.42410E+01 0.39760E+01       190   36  239   24
-0.76335E+01 0.30548E+00 0.31757E+01 0.50405E+01       195   36  239   24
-0.68665E+01 0.30123E+00 0.34396E+01 0.47691E+01       200   37  239   23
-0.59097E+01 0.29754E+00 0.22205E+01 0.65816E+01       205    3  340    5
-0.61747E+01 0.29461E+00 0.25599E+01 0.59388E+01       210   36  239    9
-0.63409E+01 0.29071E+00 0.16284E+01 0.79994E+01       215    3   29    1
-0.58434E+01 0.28829E+00 0.21546E+01 0.65990E+01       220    5  340   11
-0.61519E+01 0.28440E+00 0.13398E+01 0.87722E+01       225    5  340   10
 0.70784E+01 0.28243E+00 0.17213E+01 0.74257E+01       230    2  237   26
 0.72331E+01 0.27751E+00 0.91646E+00 0.10358E+02       235   36  239    9
 0.65458E+01 0.27542E+00 0.12054E+01 0.88356E+01       240   33  238    6
-0.58314E+01 0.27289E+00 0.54839E+00 0.12340E+02       245    5  341    8
 0.70566E+01 0.27387E+00 0.80681E+00 0.10353E+02       250    2   29    1
 0.67176E+01 0.27240E+00 0.42523E+00 0.14300E+02       255    2   28    1
 0.79177E+01 0.27007E+00 0.59985E+00 0.12219E+02       260    1  238    4
 0.76864E+01 0.26537E+00 0.43835E+00 0.16308E+02       265    1  238    5
-0.60137E+01 0.25913E+00 0.38388E+00 0.14777E+02       270   32  238    5
 0.60606E+01 0.25172E+00 0.54163E+00 0.18432E+02       275    2   28    5
 0.54829E+01 0.24557E+00 0.55503E+00 0.17959E+02       280    2   29    7
 0.69662E+01 0.24145E+00 0.62883E+00 0.20420E+02       285    2   29    8
 0.77750E+01 0.23865E+00 0.64842E+00 0.20592E+02       290    5   30   12
 0.74494E+01 0.23721E+00 0.66836E+00 0.21699E+02       295    1   26   32
 0.83098E+01 0.23810E+00 0.65855E+00 0.21812E+02       300    2   29   11
 0.78870E+01 0.23822E+00 0.63954E+00 0.22283E+02       305    2   29   14
 0.85933E+01 0.23792E+00 0.59690E+00 0.22046E+02       310    1   27   26
 0.86725E+01 0.23890E+00 0.55599E+00 0.22288E+02       315    3   28   26
 0.75043E+01 0.24039E+00 0.53622E+00 0.21670E+02       320    3   28   24
 0.57531E+01 0.24055E+00 0.52795E+00 0.21758E+02       325    4   28   29
 0.45196E+01 0.23720E+00 0.49800E+00 0.20624E+02       330    3   28   29
-0.36420E+01 0.23185E+00 0.49167E+00 0.20621E+02       335   32  349    9
 0.38565E+01 0.22260E+00 0.43446E+00 0.18697E+02       340    3  343    5
-0.34951E+01 0.21225E+00 0.43974E+00 0.18902E+02       345   31  349   10
 0.28160E+01 0.19955E+00 0.33138E+00 0.15815E+02       350   37  344    8
 0.31028E+01 0.19125E+00 0.39225E+00 0.16762E+02       355   34  349    8
 0.41601E+01 0.18536E+00 0.37850E+00 0.12778E+02       360   33  349   11
 0.45136E+01 0.18650E+00 0.34510E+00 0.14258E+02       365   33  349   11
 0.38067E+01 0.18661E+00 0.68229E+00 0.99547E+01       370   33  349   11
 0.29578E+01 0.18782E+00 0.49920E+00 0.10733E+02       375   34  349   11
 0.22252E+01 0.18761E+00 0.12928E+01 0.66711E+01       380   34  349   11
 0.20237E+01 0.18703E+00 0.13188E+01 0.64511E+01       385   36  346   14
 0.23592E+01 0.18572E+00 0.22662E+01 0.45649E+01       390   37  346    8
-0.18723E+01 0.18374E+00 0.20179E+01 0.49235E+01       395   37  344   14
 0.17017E+01 0.18162E+00 0.24413E+01 0.43014E+01       400   33  347   12
-0.16485E+01 0.17865E+00 0.18017E+01 0.52613E+01       405    2   97   27
-0.17482E+01 0.17572E+00 0.19978E+01 0.48944E+01       410    2   97   37
 0.18507E+01 0.17169E+00 0.11246E+01 0.68733E+01       415   37  344    5
 0.19919E+01 0.16782E+00 0.12516E+01 0.65278E+01       420   36  344    9
 0.17360E+01 0.16170E+00 0.46983E+00 0.10100E+02       425   33  349   11
 0.17096E+01 0.15913E+00 0.75783E+00 0.85617E+01       430   34  349   12
 0.16528E+01 0.15603E+00 0.39122E+00 0.12258E+02       435   34  349   12
-0.17771E+01 0.15614E+00 0.57747E+00 0.99645E+01       440   34  347   12
-0.19565E+01 0.15494E+00 0.44543E+00 0.13825E+02       445   34  347   12
-0.18868E+01 0.15545E+00 0.55700E+00 0.11214E+02       450   34  347   12
 0.22321E+01 0.15461E+00 0.44506E+00 0.15193E+02       455    5   30   17
 0.25845E+01 0.15412E+00 0.41031E+00 0.13048E+02       460    5   30   17
 0.28979E+01 0.15266E+00 0.44992E+00 0.16718E+02       465    6   29   17
 0.25743E+01 0.15099E+00 0.41398E+00 0.15617E+02       470    5   30   17
 0.25042E+01 0.14822E+00 0.50336E+00 0.18402E+02       475    4   30   18
 0.26701E+01 0.14470E+00 0.49176E+00 0.18030E+02       480    6   28   18
 0.29406E+01 0.14023E+00 0.52752E+00 0.19579E+02       485    6   28   18
 0.24736E+01 0.13517E+00 0.50910E+00 0.19160E+02       490    6   28   18
-0.28836E+01 0.13108E+00 0.51194E+00 0.19728E+02       495    5   30   17
-0.28335E+01 0.12866E+00 0.47292E+00 0.18820E+02       500    5   30   16
-0.26258E+01 0.12884E+00 0.45946E+00 0.19017E+02       505    5   30   16
 0.24784E+01 0.12956E+00 0.39078E+00 0.17505E+02       510    3   29   18
 0.24602E+01 0.13110E+00 0.37152E+00 0.17632E+02       515    3   29   17
 0.23247E+01 0.13108E+00 0.28411E+00 0.15448E+02       520    2   29   17
 0.18532E+01 0.13183E+00 0.30276E+00 0.15828E+02       525    1   29   16
 0.15948E+01 0.13036E+00 0.14198E+00 0.12827E+02       530    4   28   12
 0.13434E+01 0.12963E+00 0.25434E+00 0.13961E+02       535    4   28   12
-0.11284E+01 0.12599E+00 0.44501E+00 0.10339E+02       540    3   30   18
-0.11005E+01 0.12329E+00 0.27866E+00 0.12247E+02       545   35  416    1
-0.11053E+01 0.11836E+00 0.77815E+00 0.85333E+01       550   35  416    1
-0.10658E+01 0.11449E+00 0.51812E+00 0.10019E+02       555   34  416    1
 0.10932E+01 0.10975E+00 0.13129E+01 0.65725E+01       560   26  273   29
-0.11803E+01 0.10625E+00 0.10455E+01 0.73923E+01       565    7   28   17
-0.11575E+01 0.10368E+00 0.18334E+01 0.52857E+01       570    6   28   17
-0.10989E+01 0.10192E+00 0.13632E+01 0.62556E+01       575   20  209   29
-0.11023E+01 0.10256E+00 0.19381E+01 0.49641E+01       580   20  209   29
-0.10743E+01 0.10392E+00 0.12618E+01 0.63480E+01       585   20  210   29
-0.10639E+01 0.10643E+00 0.14781E+01 0.56817E+01       590   20  210   29
-0.10968E+01 0.10821E+00 0.55869E+00 0.88607E+01       595   20  211   29
-0.11188E+01 0.11119E+00 0.79180E+00 0.76542E+01       600   20  211   29
-0.11919E+01 0.11190E+00 0.32599E+00 0.11041E+02       605   36  415   32
-0.13038E+01 0.11359E+00 0.52142E+00 0.89019E+01       610   36  415   32
-0.13548E+01 0.11155E+00 0.23269E+00 0.12326E+02       615   36  415   32
-0.13512E+01 0.10973E+00 0.36212E+00 0.98708E+01       620   36  415   32
-0.13105E+01 0.10428E+00 0.18870E+00 0.13417E+02       625   36  415   32
-0.12101E+01 0.10034E+00 0.23884E+00 0.11183E+02       630   36  415   32
-0.10866E+01 0.94864E-01 0.25535E+00 0.14559E+02       635    9  188   37
-0.10613E+01 0.91261E-01 0.16856E+00 0.12904E+02       640    9  188   37
 0.10629E+01 0.88280E-01 0.31221E+00 0.15529E+02       645    5   28   26
-0.10120E+01 0.86014E-01 0.24726E+00 0.14203E+02       650    9  191   37
 0.97963E+00 0.85199E-01 0.32584E+00 0.15944E+02       655    7   28   11
 0.10773E+01 0.84539E-01 0.25535E+00 0.14562E+02       660    7   28   11
 0.11262E+01 0.84730E-01 0.30490E+00 0.15691E+02       665    7   28   11
 0.11919E+01 0.84392E-01 0.21966E+00 0.13982E+02       670    7   28   12
 0.11314E+01 0.84432E-01 0.27103E+00 0.14967E+02       675    7   28   12
 0.11537E+01 0.83636E-01 0.15073E+00 0.12854E+02       680    6   28   12
 0.11686E+01 0.83212E-01 0.22297E+00 0.14066E+02       685    1   29   12
-0.11357E+01 0.81979E-01 0.13483E+00 0.11558E+02       690   36  415   12
 0.11255E+01 0.81089E-01 0.17143E+00 0.13245E+02       695    5   28   15
 0.10944E+01 0.79395E-01 0.25829E+00 0.10439E+02       700    5   28   15
-0.95886E+00 0.78129E-01 0.17633E+00 0.12636E+02       705   36  203   29
-0.97404E+00 0.76358E-01 0.35697E+00 0.97488E+01       710   36  203   29
-0.95494E+00 0.75207E-01 0.20730E+00 0.12241E+02       715   36  203   29
-0.91603E+00 0.73769E-01 0.42650E+00 0.93693E+01       720   36  203   29
-0.84601E+00 0.72965E-01 0.22070E+00 0.12011E+02       725   36  203   29
 0.80526E+00 0.72043E-01 0.46513E+00 0.91950E+01       730   20  214   29
 0.80046E+00 0.71126E-01 0.21384E+00 0.11919E+02       735   19  214   29
 0.80676E+00 0.70214E-01 0.47713E+00 0.91716E+01       740   19  215   30
 0.80097E+00 0.68823E-01 0.19064E+00 0.11973E+02       745   19  215   30
 0.80864E+00 0.67630E-01 0.46968E+00 0.92780E+01       750   19  215   29
-0.80806E+00 0.65902E-01 0.15688E+00 0.12156E+02       755   36  204   12
-0.81415E+00 0.64830E-01 0.42908E+00 0.95539E+01       760   36  204   12
-0.81244E+00 0.63175E-01 0.12153E+00 0.12462E+02       765   36  204   12
-0.80392E+00 0.62521E-01 0.35318E+00 0.10053E+02       770   15  210   29
-0.80992E+00 0.61258E-01 0.11187E+00 0.12799E+02       775   15  210   29
-0.79645E+00 0.60886E-01 0.27040E+00 0.10585E+02       780   15  210   29
-0.79349E+00 0.59969E-01 0.13416E+00 0.13063E+02       785   15  210   30
-0.78419E+00 0.60071E-01 0.20560E+00 0.11037E+02       790   15  210   30
-0.78040E+00 0.59581E-01 0.15188E+00 0.13223E+02       795   15  211   30
 0.79140E+00 0.59848E-01 0.15655E+00 0.11346E+02       800   36  203   27
 0.83886E+00 0.59257E-01 0.15859E+00 0.13314E+02       805   36  203   27
 0.87201E+00 0.59054E-01 0.12292E+00 0.11511E+02       810   36  203   27
 0.88826E+00 0.58064E-01 0.15630E+00 0.13390E+02       815   36  203   27
 0.88536E+00 0.57257E-01 0.10772E+00 0.11591E+02       820   36  203   27
 0.86317E+00 0.56047E-01 0.15322E+00 0.13464E+02       825   36  203   27
-0.87925E+00 0.54913E-01 0.10459E+00 0.11639E+02       830   36  415   32
-0.92656E+00 0.53900E-01 0.17429E+00 0.13528E+02       835   36  415   32
-0.94503E+00 0.52727E-01 0.98346E-01 0.11681E+02       840   36  415   32
-0.94419E+00 0.52294E-01 0.18725E+00 0.13561E+02       845   36  415   32
-0.91208E+00 0.51643E-01 0.94003E-01 0.11723E+02       850   36  415   32
-0.86316E+00 0.51933E-01 0.19137E+00 0.13540E+02       855   36  416   32
-0.83920E+00 0.51788E-01 0.90302E-01 0.11746E+02       860   36  416   32
-0.82304E+00 0.52077E-01 0.18745E+00 0.13453E+02       865   36  415   17
-0.81120E+00 0.51814E-01 0.89185E-01 0.11710E+02       870   36  415   17
-0.77748E+00 0.51831E-01 0.17415E+00 0.13308E+02       875   36  416   17
-0.78940E+00 0.51299E-01 0.10207E+00 0.11590E+02       880   36  415   10
-0.84847E+00 0.50994E-01 0.15236E+00 0.13130E+02       885   36  415   10
-0.88457E+00 0.50080E-01 0.12849E+00 0.11382E+02       890   36  415   10
-0.89026E+00 0.49444E-01 0.12483E+00 0.12939E+02       895   36  415   11
-0.86946E+00 0.48358E-01 0.16284E+00 0.11099E+02       900   36  415   11
-0.80937E+00 0.47597E-01 0.10171E+00 0.12750E+02       905   36  415   11
-0.78254E+00 0.46516E-01 0.20052E+00 0.10783E+02       910    9  394   37
-0.75590E+00 0.45672E-01 0.86376E-01 0.12575E+02       915    9  394   37
 0.75115E+00 0.44762E-01 0.23524E+00 0.10491E+02       920   36  415   27
 0.73186E+00 0.43974E-01 0.89136E-01 0.12434E+02       925    1  194   34
 0.76678E+00 0.43404E-01 0.26131E+00 0.10265E+02       930    1  193   34
 0.81905E+00 0.42941E-01 0.95493E-01 0.12340E+02       935    1  193   34
 0.85943E+00 0.43040E-01 0.27355E+00 0.10141E+02       940    1  193   34
 0.90516E+00 0.42889E-01 0.98934E-01 0.12310E+02       945    1  194   34
 0.95573E+00 0.43446E-01 0.26774E+00 0.10146E+02       950    1  194   34
 0.99151E+00 0.43305E-01 0.98028E-01 0.12347E+02       955    1  194   34
 0.10457E+01 0.43768E-01 0.24733E+00 0.10285E+02       960    1  194   34
 0.10688E+01 0.43437E-01 0.91679E-01 0.12447E+02       965    1  194   34
 0.11267E+01 0.43501E-01 0.21933E+00 0.10520E+02       970    1  194   34
 0.11497E+01 0.42947E-01 0.81190E-01 0.12610E+02       975    1  194   34
 0.10051E+01 0.42661E-01 0.18680E+00 0.10807E+02       980    1  195   34
 0.10145E+01 0.41955E-01 0.93350E-01 0.12825E+02       985    1  195   34
 0.10218E+01 0.41545E-01 0.15170E+00 0.11121E+02       990    1  195   34
 0.10179E+01 0.40733E-01 0.10857E+00 0.13054E+02       995    1  195   34
-0.89099E+00 0.40280E-01 0.11700E+00 0.11442E+02      1000    9  389   37
-0.88330E+00 0.39464E-01 0.12149E+00 0.13257E+02      1005    9  389   37
-0.85714E+00 0.39084E-01 0.95697E-01 0.11732E+02      1010    9  389   37
-0.82521E+00 0.38564E-01 0.12934E+00 0.13393E+02      1015    9  390   36
-0.82029E+00 0.38427E-01 0.89354E-01 0.11932E+02      1020    9  390   36
-0.82886E+00 0.38238E-01 0.13489E+00 0.13440E+02      1025    9  389   36
-0.80599E+00 0.38242E-01 0.82157E-01 0.11999E+02      1030    9  389   36
-0.78176E+00 0.38124E-01 0.13525E+00 0.13388E+02      1035    9  389   36
-0.74851E+00 0.38047E-01 0.78059E-01 0.11936E+02      1040   36  416   27
-0.70957E+00 0.37904E-01 0.13047E+00 0.13256E+02      1045   36  416   27
-0.69684E+00 0.37736E-01 0.93010E-01 0.11774E+02      1050    7  398   36
-0.67382E+00 0.37544E-01 0.12213E+00 0.13086E+02      1055   11  391   37
-0.68576E+00 0.37249E-01 0.11189E+00 0.11561E+02      1060   11  390   37
-0.69267E+00 0.36956E-01 0.11425E+00 0.12916E+02      1065   11  390   37
-0.69638E+00 0.36514E-01 0.13070E+00 0.11352E+02      1070   11  390   37
-0.68531E+00 0.36078E-01 0.10691E+00 0.12773E+02      1075   11  390   37
 0.71390E+00 0.35452E-01 0.14464E+00 0.11184E+02      1080   36  203   26
 0.73930E+00 0.35000E-01 0.10205E+00 0.12675E+02      1085   36  203   26
 0.76811E+00 0.34450E-01 0.14997E+00 0.11086E+02      1090   36  203   26
-0.80051E+00 0.34203E-01 0.99610E-01 0.12623E+02      1095    8  392   36
-0.87616E+00 0.33769E-01 0.14839E+00 0.11072E+02      1100    8  391   36
-0.93818E+00 0.33658E-01 0.99671E-01 0.12615E+02      1105    8  391   36
-0.99995E+00 0.33313E-01 0.14107E+00 0.11128E+02      1110    8  391   36
-0.10317E+01 0.33075E-01 0.10173E+00 0.12647E+02      1115    8  391   36
-0.11014E+01 0.32706E-01 0.13423E+00 0.11222E+02      1120    1  195   34
-0.12713E+01 0.32276E-01 0.10570E+00 0.12717E+02      1125    1  195   34
-0.13846E+01 0.31842E-01 0.12514E+00 0.11328E+02      1130    1  195   34
-0.14312E+01 0.31283E-01 0.11012E+00 0.12805E+02      1135    1  195   34
-0.14191E+01 0.30780E-01 0.11494E+00 0.11437E+02      1140    1  195   34
-0.13651E+01 0.30159E-01 0.11343E+00 0.12888E+02      1145    1  195   34
-0.12766E+01 0.29656E-01 0.10597E+00 0.11535E+02      1150    1  194   34
-0.12051E+01 0.29165E-01 0.11419E+00 0.12942E+02      1155    1  194   34
-0.11634E+01 0.28778E-01 0.98484E-01 0.11605E+02      1160    7  394   36
-0.12769E+01 0.28446E-01 0.11132E+00 0.12948E+02      1165    7  394   36
-0.12959E+01 0.28177E-01 0.95056E-01 0.11627E+02      1170    7  394   36
-0.13079E+01 0.27988E-01 0.10459E+00 0.12903E+02      1175    7  394   36
-0.12537E+01 0.27811E-01 0.96887E-01 0.11595E+02      1180    7  394   36
-0.12191E+01 0.27723E-01 0.94509E-01 0.12814E+02      1185    7  394   36
-0.11835E+01 0.27642E-01 0.10327E+00 0.11517E+02      1190    7  394   36
-0.10847E+01 0.27518E-01 0.82418E-01 0.12701E+02      1195    7  394   36
-0.93619E+00 0.27392E-01 0.11159E+00 0.11416E+02      1200    7  394   36
-0.79377E+00 0.27154E-01 0.70567E-01 0.12591E+02      1205    7  394   36
-0.70918E+00 0.26965E-01 0.11817E+00 0.11323E+02      1210    7  396   36
-0.70304E+00 0.26656E-01 0.61568E-01 0.12506E+02      1215    6  394   37
-0.78532E+00 0.26438E-01 0.12017E+00 0.11269E+02      1220    6  394   37
-0.79420E+00 0.26162E-01 0.62074E-01 0.12465E+02      1225    6  394   37
-0.70750E+00 0.26030E-01 0.11631E+00 0.11271E+02      1230    6  394   36
 0.73552E+00 0.25804E-01 0.59220E-01 0.12474E+02      1235    8  389   37
 0.79748E+00 0.25733E-01 0.10918E+00 0.11335E+02      1240    8  390   37
 0.87957E+00 0.25476E-01 0.53527E-01 0.12530E+02      1245    7  390   37
 0.10297E+01 0.25377E-01 0.97048E-01 0.11449E+02      1250    7  390   37
 0.11570E+01 0.25096E-01 0.58800E-01 0.12615E+02      1255    7  390   37
 0.12668E+01 0.24998E-01 0.82217E-01 0.11587E+02      1260    7  390   37
 0.13399E+01 0.24776E-01 0.63383E-01 0.12704E+02      1265    7  391   37
 0.13840E+01 0.24691E-01 0.67955E-01 0.11720E+02      1270    7  391   37
 0.13718E+01 0.24606E-01 0.65395E-01 0.12770E+02      1275    7  391   37
 0.14323E+01 0.24524E-01 0.56862E-01 0.11819E+02      1280    7  392   37
 0.15160E+01 0.24441E-01 0.64395E-01 0.12798E+02      1285    7  392   37
 0.15331E+01 0.24306E-01 0.52713E-01 0.11862E+02      1290    7  393   37
 0.15464E+01 0.24186E-01 0.60587E-01 0.12781E+02      1295    7  393   37
 0.14899E+01 0.23965E-01 0.55721E-01 0.11840E+02      1300    7  393   37
 0.13949E+01 0.23786E-01 0.54922E-01 0.12723E+02      1305    7  394   37
 0.13465E+01 0.23445E-01 0.64103E-01 0.11767E+02      1310    7  394   37
 0.13423E+01 0.23185E-01 0.49371E-01 0.12641E+02      1315    8  394   37
 0.13804E+01 0.22758E-01 0.74494E-01 0.11670E+02      1320    8  394   37
 0.13950E+01 0.22421E-01 0.43355E-01 0.12553E+02      1325    8  394   37
 0.14039E+01 0.21984E-01 0.84275E-01 0.11579E+02      1330    8  394   37
 0.13432E+01 0.21628E-01 0.46720E-01 0.12479E+02      1335    8  394   37
 0.13551E+01 0.21244E-01 0.90637E-01 0.11515E+02      1340    8  395   37
 0.13267E+01 0.20963E-01 0.48765E-01 0.12432E+02      1345    9  395   37
 0.13614E+01 0.20682E-01 0.94366E-01 0.11491E+02      1350    9  395   37
 0.14054E+01 0.20461E-01 0.48433E-01 0.12414E+02      1355    9  396   37
 0.14366E+01 0.20260E-01 0.93613E-01 0.11506E+02      1360    9  396   37
 0.14417E+01 0.20078E-01 0.45947E-01 0.12427E+02      1365    9  396   37
 0.14215E+01 0.19944E-01 0.88979E-01 0.11555E+02      1370    9  396   37
 0.14010E+01 0.19770E-01 0.41939E-01 0.12464E+02      1375    9  396   37
 0.13584E+01 0.19663E-01 0.81626E-01 0.11628E+02      1380    9  396   37
 0.13415E+01 0.19481E-01 0.37270E-01 0.12513E+02      1385    9  396   37
 0.13142E+01 0.19377E-01 0.73115E-01 0.11709E+02      1390    9  397   37
 0.12705E+01 0.19215E-01 0.39902E-01 0.12562E+02      1395    9  397   37
 0.12881E+01 0.19088E-01 0.65078E-01 0.11784E+02      1400    9  391   37
 0.13247E+01 0.18937E-01 0.42422E-01 0.12601E+02      1405    9  391   37
 0.13187E+01 0.18783E-01 0.58544E-01 0.11838E+02      1410    9  391   37
 0.13085E+01 0.18621E-01 0.45001E-01 0.12624E+02      1415    9  391   37
 0.12664E+01 0.18448E-01 0.54065E-01 0.11867E+02      1420    9  391   37
 0.12313E+01 0.18297E-01 0.46677E-01 0.12628E+02      1425    9  392   37
 0.12094E+01 0.18095E-01 0.51645E-01 0.11870E+02      1430   10  398   37
 0.11771E+01 0.17976E-01 0.46237E-01 0.12611E+02      1435   10  398   37
 0.11143E+01 0.17745E-01 0.50714E-01 0.11854E+02      1440   10  392   37
 0.11549E+01 0.17637E-01 0.43896E-01 0.12578E+02      1445   10  392   37
 0.11651E+01 0.17390E-01 0.50539E-01 0.11827E+02      1450   10  392   37
 0.11429E+01 0.17295E-01 0.40854E-01 0.12536E+02      1455   10  392   37
 0.11145E+01 0.17042E-01 0.50540E-01 0.11797E+02      1460   10  393   37
 0.10794E+01 0.16956E-01 0.37601E-01 0.12497E+02      1465   10  393   37
 0.12166E+01 0.16724E-01 0.50271E-01 0.11768E+02      1470    7  394   37
 0.15076E+01 0.16635E-01 0.34580E-01 0.12466E+02      1475    7  394   37
 0.14865E+01 0.16421E-01 0.49266E-01 0.11747E+02      1480    7  396   37
 0.11780E+01 0.16302E-01 0.33304E-01 0.12445E+02      1485    7  397   37
-0.11901E+01 0.16101E-01 0.47239E-01 0.11737E+02      1490    7  394   37
-0.13189E+01 0.15971E-01 0.32905E-01 0.12434E+02      1495    7  395   37
-0.13686E+01 0.15787E-01 0.44151E-01 0.11739E+02      1500    7  395   37
-0.13965E+01 0.15664E-01 0.31979E-01 0.12432E+02      1505    7  396   37
-0.14055E+01 0.15556E-01 0.42894E-01 0.11754E+02      1510    7  397   37
-0.12809E+01 0.15454E-01 0.30562E-01 0.12438E+02      1515    7  398   37
-0.10267E+01 0.15408E-01 0.40506E-01 0.11780E+02      1520    7  398   37
-0.95611E+00 0.15337E-01 0.28935E-01 0.12448E+02      1525    9  395   37
-0.96639E+00 0.15333E-01 0.37345E-01 0.11813E+02      1530    9  395   37
-0.91748E+00 0.15291E-01 0.30931E-01 0.12461E+02      1535    9  395   37
-0.85290E+00 0.15295E-01 0.34241E-01 0.11845E+02      1540    9  395   37
-0.78896E+00 0.15247E-01 0.33168E-01 0.12473E+02      1545    9  398   37
-0.75625E+00 0.15205E-01 0.32420E-01 0.11869E+02      1550    9  397   36
-0.74805E+00 0.15143E-01 0.35021E-01 0.12482E+02      1555    9  396   36
-0.77444E+00 0.15050E-01 0.31360E-01 0.11882E+02      1560   10  394   36
-0.86395E+00 0.14960E-01 0.36892E-01 0.12485E+02      1565   10  394   36
-0.92484E+00 0.14843E-01 0.30918E-01 0.11884E+02      1570   10  394   36
-0.96879E+00 0.14728E-01 0.37685E-01 0.12480E+02      1575   10  394   36
-0.96602E+00 0.14594E-01 0.31259E-01 0.11877E+02      1580   10  394   36
-0.94315E+00 0.14481E-01 0.37182E-01 0.12465E+02      1585   10  394   36
-0.89109E+00 0.14344E-01 0.33469E-01 0.11865E+02      1590   10  394   36
-0.82281E+00 0.14247E-01 0.35631E-01 0.12443E+02      1595   10  394   36
-0.75813E+00 0.14105E-01 0.35561E-01 0.11850E+02      1600    9  395   37
-0.71426E+00 0.14022E-01 0.33560E-01 0.12421E+02      1605    7  399   37
-0.65386E+00 0.13882E-01 0.37325E-01 0.11838E+02      1610    7  399   37
-0.63681E+00 0.13787E-01 0.31551E-01 0.12404E+02      1615   10  388   37
-0.65675E+00 0.13654E-01 0.38525E-01 0.11833E+02      1620   10  388   37
-0.66303E+00 0.13524E-01 0.30024E-01 0.12397E+02      1625   10  388   37
-0.66375E+00 0.13403E-01 0.39083E-01 0.11835E+02      1630   10  388   37
-0.65479E+00 0.13263E-01 0.29088E-01 0.12399E+02      1635   10  388   37
-0.63458E+00 0.13146E-01 0.38551E-01 0.11846E+02      1640   10  388   37
-0.62156E+00 0.13010E-01 0.28631E-01 0.12408E+02      1645   10  389   37
-0.62190E+00 0.12895E-01 0.36759E-01 0.11865E+02      1650   10  389   37
-0.60473E+00 0.12779E-01 0.28542E-01 0.12422E+02      1655   10  389   37
-0.57476E+00 0.12672E-01 0.34048E-01 0.11888E+02      1660   10  389   37
 0.61114E+00 0.12573E-01 0.28498E-01 0.12435E+02      1665    8  391   36
 0.63867E+00 0.12490E-01 0.31493E-01 0.11911E+02      1670    8  398   37
 0.66404E+00 0.12415E-01 0.28201E-01 0.12446E+02      1675    8  398   37
 0.64838E+00 0.12370E-01 0.29255E-01 0.11928E+02      1680    8  398   37
 0.61705E+00 0.12309E-01 0.27534E-01 0.12450E+02      1685    8  398   37
-0.60022E+00 0.12275E-01 0.27494E-01 0.11938E+02      1690   10  392   37
-0.61881E+00 0.12231E-01 0.26468E-01 0.12448E+02      1695   10  392   37
-0.60992E+00 0.12197E-01 0.26822E-01 0.11939E+02      1700   10  392   37
-0.58039E+00 0.12166E-01 0.26005E-01 0.12441E+02      1705   10  392   37
-0.53885E+00 0.12122E-01 0.26996E-01 0.11932E+02      1710   10  393   37
-0.50482E+00 0.12091E-01 0.25201E-01 0.12428E+02      1715   10  395   37
-0.46689E+00 0.12039E-01 0.27438E-01 0.11922E+02      1720   10  395   37
 0.43019E+00 0.11999E-01 0.23840E-01 0.12414E+02      1725    8  394   36
 0.39056E+00 0.11940E-01 0.28071E-01 0.11911E+02      1730    8  394   36
 0.36731E+00 0.11887E-01 0.22315E-01 0.12401E+02      1735    8  389   37
-0.45677E+00 0.11815E-01 0.28864E-01 0.11905E+02      1740    6  384   36
 0.36704E+00 0.11765E-01 0.22245E-01 0.12391E+02      1745    9  399   37
-0.40386E+00 0.11684E-01 0.29163E-01 0.11903E+02      1750    6  385   36
 0.39768E+00 0.11632E-01 0.21851E-01 0.12386E+02      1755    9  398   37
 0.41139E+00 0.11546E-01 0.28917E-01 0.11908E+02      1760    9  398   37
 0.41700E+00 0.11487E-01 0.21231E-01 0.12386E+02      1765    9  398   37
-0.42398E+00 0.11407E-01 0.28238E-01 0.11917E+02      1770   11  391   37
-0.43941E+00 0.11346E-01 0.20656E-01 0.12390E+02      1775   11  392   37
-0.44911E+00 0.11272E-01 0.27293E-01 0.11928E+02      1780   11  392   37
-0.45110E+00 0.11198E-01 0.20861E-01 0.12395E+02      1785   11  392   37
 0.44691E+00 0.11119E-01 0.26286E-01 0.11939E+02      1790   36  415   27
 0.44454E+00 0.11032E-01 0.20846E-01 0.12401E+02      1795   36  415   27
 0.43553E+00 0.10947E-01 0.25752E-01 0.11947E+02      1800   36  415   27
 0.42907E+00 0.10852E-01 0.21004E-01 0.12405E+02      1805    9  385   36
-0.45936E+00 0.10765E-01 0.25567E-01 0.11952E+02      1810    6  383   36
-0.42902E+00 0.10665E-01 0.21007E-01 0.12405E+02      1815    6  382   36
 0.42922E+00 0.10587E-01 0.25508E-01 0.11954E+02      1820   10  385   37
 0.43767E+00 0.10494E-01 0.20841E-01 0.12403E+02      1825   10  385   37
 0.45101E+00 0.10434E-01 0.25567E-01 0.11953E+02      1830    3  383   36
 0.46305E+00 0.10348E-01 0.20530E-01 0.12398E+02      1835    3  383   36
 0.44369E+00 0.10305E-01 0.25834E-01 0.11950E+02      1840    4  383   37
 0.50493E+00 0.10222E-01 0.20175E-01 0.12391E+02      1845    4  383   37
 0.51481E+00 0.10186E-01 0.26165E-01 0.11947E+02      1850    4  383   37
 0.46789E+00 0.10109E-01 0.19860E-01 0.12386E+02      1855    4  383   36
 0.47965E+00 0.10066E-01 0.26339E-01 0.11944E+02      1860    4  384   37
 0.47585E+00 0.99994E-02 0.19607E-01 0.12381E+02      1865    4  384   36
 0.45083E+00 0.99432E-02 0.26426E-01 0.11944E+02      1870    4  384   36
 0.43613E+00 0.98943E-02 0.19493E-01 0.12379E+02      1875   11  385   37
 0.43464E+00 0.98373E-02 0.26032E-01 0.11945E+02      1880   10  386   37
 0.43428E+00 0.98038E-02 0.19537E-01 0.12378E+02      1885   10  386   37
 0.43848E+00 0.97659E-02 0.25206E-01 0.11949E+02      1890   11  386   37
 0.44419E+00 0.97436E-02 0.19536E-01 0.12378E+02      1895   11  386   37
 0.44867E+00 0.97146E-02 0.24259E-01 0.11953E+02      1900   11  386   37
 0.47129E+00 0.96928E-02 0.19606E-01 0.12379E+02      1905   10  387   37
 0.49062E+00 0.96638E-02 0.23404E-01 0.11959E+02      1910   10  387   37
 0.50694E+00 0.96410E-02 0.19686E-01 0.12380E+02      1915   10  387   37
 0.51936E+00 0.95992E-02 0.22733E-01 0.11964E+02      1920   10  387   37
 0.53068E+00 0.95707E-02 0.19683E-01 0.12381E+02      1925   10  387   37
 0.53954E+00 0.95205E-02 0.22386E-01 0.11968E+02      1930   10  387   37
 0.54899E+00 0.94827E-02 0.19571E-01 0.12380E+02      1935   10  387   37
 0.55626E+00 0.94300E-02 0.22134E-01 0.11970E+02      1940   10  387   37
 0.56368E+00 0.93811E-02 0.19305E-01 0.12379E+02      1945   10  387   37
 0.57409E+00 0.93389E-02 0.21954E-01 0.11971E+02      1950   10  388   37
 0.59264E+00 0.92868E-02 0.18906E-01 0.12378E+02      1955   10  388   37
 0.60720E+00 0.92546E-02 0.21804E-01 0.11972E+02      1960   10  388   37
 0.61793E+00 0.92081E-02 0.18685E-01 0.12375E+02      1965   10  388   37
 0.62530E+00 0.91848E-02 0.21727E-01 0.11973E+02      1970   10  388   37
 0.63412E+00 0.91457E-02 0.18407E-01 0.12372E+02      1975    9  390   37
 0.65329E+00 0.91299E-02 0.21896E-01 0.11973E+02      1980    9  390   37
 0.67002E+00 0.91013E-02 0.18082E-01 0.12369E+02      1985    9  390   37
 0.68490E+00 0.90928E-02 0.21897E-01 0.11974E+02      1990    9  390   37
 0.69379E+00 0.90742E-02 0.17774E-01 0.12366E+02      1995    9  390   37
 0.69941E+00 0.90607E-02 0.21766E-01 0.11976E+02      2000    9  390   37
 0.69530E+00 0.90494E-02 0.17573E-01 0.12365E+02      2005    9  390   37
 0.68485E+00 0.90236E-02 0.21826E-01 0.11977E+02      2010    8  391   37
 0.69093E+00 0.90197E-02 0.17418E-01 0.12364E+02      2015    8  391   37
 0.68163E+00 0.89763E-02 0.22109E-01 0.11980E+02      2020   11  388   37
 0.67726E+00 0.89685E-02 0.17309E-01 0.12364E+02      2025   11  388   37
 0.68519E+00 0.89048E-02 0.22260E-01 0.11982E+02      2030   11  389   37
 0.69951E+00 0.88966E-02 0.17250E-01 0.12365E+02      2035   11  389   37
 0.70893E+00 0.88290E-02 0.22275E-01 0.11985E+02      2040   11  389   37
 0.71183E+00 0.88265E-02 0.17201E-01 0.12365E+02      2045   11  389   37
 0.70585E+00 0.87483E-02 0.22150E-01 0.11988E+02      2050   11  389   37
 0.70375E+00 0.87382E-02 0.17145E-01 0.12365E+02      2055   10  391   37
 0.71711E+00 0.86526E-02 0.21919E-01 0.11990E+02      2060   10  391   37
 0.72786E+00 0.86405E-02 0.17051E-01 0.12364E+02      2065   10  391   37
 0.73105E+00 0.85577E-02 0.21672E-01 0.11991E+02      2070   10  391   37
 0.72616E+00 0.85398E-02 0.16903E-01 0.12362E+02      2075   10  391   37
 0.71752E+00 0.84585E-02 0.21546E-01 0.11991E+02      2080   10  392   37
 0.72223E+00 0.84275E-02 0.16703E-01 0.12359E+02      2085   11  390   37
 0.72942E+00 0.83531E-02 0.21386E-01 0.11990E+02      2090   11  390   37
 0.73757E+00 0.83145E-02 0.16449E-01 0.12357E+02      2095   11  390   37
 0.74447E+00 0.82510E-02 0.21492E-01 0.11989E+02      2100   11  390   37
 0.74882E+00 0.82089E-02 0.16137E-01 0.12353E+02      2105   11  390   37
 0.77699E+00 0.81572E-02 0.21565E-01 0.11988E+02      2110   11  391   37
 0.80341E+00 0.81124E-02 0.15834E-01 0.12351E+02      2115   11  391   37
 0.82690E+00 0.80704E-02 0.21477E-01 0.11988E+02      2120   11  391   37
 0.84606E+00 0.80238E-02 0.15832E-01 0.12349E+02      2125   11  391   37
 0.86209E+00 0.79894E-02 0.21215E-01 0.11989E+02      2130   11  391   37
 0.87227E+00 0.79450E-02 0.15799E-01 0.12348E+02      2135   11  391   37
 0.87685E+00 0.79072E-02 0.20761E-01 0.11991E+02      2140   11  391   37
 0.87192E+00 0.78657E-02 0.15685E-01 0.12349E+02      2145   11  391   37
 0.85742E+00 0.78175E-02 0.20142E-01 0.11994E+02      2150   11  391   37
 0.83928E+00 0.77820E-02 0.15532E-01 0.12350E+02      2155   11  392   37
 0.84374E+00 0.77222E-02 0.19389E-01 0.11998E+02      2160   11  392   37
 0.84258E+00 0.76981E-02 0.15766E-01 0.12352E+02      2165   11  392   37
 0.83632E+00 0.76364E-02 0.18570E-01 0.12001E+02      2170   11  392   37
 0.82638E+00 0.76267E-02 0.16073E-01 0.12353E+02      2175   11  392   37
 0.81864E+00 0.75605E-02 0.17789E-01 0.12004E+02      2180   11  393   37
 0.82767E+00 0.75690E-02 0.16229E-01 0.12354E+02      2185   11  393   37
 0.83295E+00 0.75020E-02 0.17403E-01 0.12006E+02      2190   11  393   37
 0.83609E+00 0.75153E-02 0.16225E-01 0.12353E+02      2195   11  393   37
 0.83454E+00 0.74503E-02 0.17216E-01 0.12006E+02      2200   11  393   37
 0.82829E+00 0.74707E-02 0.16068E-01 0.12351E+02      2205   11  393   37
 0.81207E+00 0.74078E-02 0.17179E-01 0.12005E+02      2210   11  393   37
 0.80618E+00 0.74287E-02 0.15818E-01 0.12349E+02      2215    5  383   37
 0.84238E+00 0.73719E-02 0.17395E-01 0.12003E+02      2220    5  383   37
-0.73214E+00 0.73898E-02 0.15572E-01 0.12345E+02      2225   10  391   37
-0.74437E+00 0.73502E-02 0.17699E-01 0.12001E+02      2230   10  391   37
-0.74025E+00 0.73597E-02 0.15299E-01 0.12342E+02      2235   10  391   37
-0.74493E+00 0.73338E-02 0.17947E-01 0.11999E+02      2240    5  369   37
-0.78782E+00 0.73310E-02 0.15025E-01 0.12340E+02      2245    5  369   37
-0.82064E+00 0.73203E-02 0.18043E-01 0.11997E+02      2250    5  369   37
-0.77997E+00 0.73047E-02 0.15015E-01 0.12339E+02      2255    5  369   37
-0.78100E+00 0.73036E-02 0.17994E-01 0.11998E+02      2260    5  370   37
-0.76540E+00 0.72750E-02 0.15029E-01 0.12339E+02      2265    5  370   37
-0.73368E+00 0.72771E-02 0.17783E-01 0.11999E+02      2270    6  370   37
 0.83014E+00 0.72410E-02 0.14988E-01 0.12340E+02      2275    4  378   37
 0.93989E+00 0.72462E-02 0.17458E-01 0.12002E+02      2280    4  378   37
 0.74134E+00 0.72085E-02 0.15148E-01 0.12342E+02      2285    4  368   37
 0.77916E+00 0.72049E-02 0.17080E-01 0.12005E+02      2290    4  379   37
 0.89024E+00 0.71702E-02 0.15280E-01 0.12345E+02      2295    4  379   37
 0.99834E+00 0.71540E-02 0.16716E-01 0.12008E+02      2300    4  379   37
-0.76992E+00 0.71267E-02 0.15262E-01 0.12347E+02      2305    6  372   37
 0.84601E+00 0.71014E-02 0.16422E-01 0.12011E+02      2310    4  380   37
 0.92972E+00 0.70872E-02 0.15143E-01 0.12348E+02      2315    4  380   37
 0.10178E+01 0.70490E-02 0.16220E-01 0.12013E+02      2320    4  380   37
 0.98065E+00 0.70455E-02 0.14916E-01 0.12348E+02      2325    4  380   37
 0.87172E+00 0.70006E-02 0.16168E-01 0.12013E+02      2330    4  380   37
 0.85919E+00 0.70153E-02 0.15116E-01 0.12347E+02      2335    5  378   37
 0.87939E+00 0.69640E-02 0.16241E-01 0.12012E+02      2340    5  379   37
 0.88841E+00 0.69758E-02 0.15199E-01 0.12345E+02      2345    5  379   37
 0.91923E+00 0.69150E-02 0.16420E-01 0.12011E+02      2350    6  378   37
 0.98449E+00 0.69199E-02 0.15176E-01 0.12342E+02      2355    6  379   37
 0.10073E+01 0.68569E-02 0.16648E-01 0.12008E+02      2360    6  379   37
 0.97789E+00 0.68589E-02 0.15030E-01 0.12340E+02      2365    6  379   37
 0.91016E+00 0.68026E-02 0.16855E-01 0.12007E+02      2370    6  379   37
 0.85524E+00 0.67888E-02 0.14804E-01 0.12337E+02      2375    4  371   37
 0.80991E+00 0.67336E-02 0.17044E-01 0.12005E+02      2380    4  375   37
 0.88890E+00 0.67014E-02 0.14546E-01 0.12336E+02      2385    4  375   37
-0.88961E+00 0.66498E-02 0.17331E-01 0.12005E+02      2390    4  367   37
-0.83580E+00 0.65959E-02 0.14451E-01 0.12335E+02      2395    4  367   37
-0.81133E+00 0.65490E-02 0.17421E-01 0.12006E+02      2400    4  367   37
-0.78328E+00 0.65016E-02 0.14464E-01 0.12335E+02      2405    4  367   37
 0.81982E+00 0.64734E-02 0.17293E-01 0.12007E+02      2410    6  180   36
-0.72505E+00 0.64090E-02 0.14449E-01 0.12336E+02      2415    4  367   37
-0.80401E+00 0.63775E-02 0.17134E-01 0.12010E+02      2420    4  368   37
-0.82326E+00 0.63153E-02 0.14396E-01 0.12337E+02      2425    4  368   37
-0.82785E+00 0.62890E-02 0.16906E-01 0.12012E+02      2430    4  368   37
 0.78969E+00 0.62367E-02 0.14475E-01 0.12339E+02      2435    4  371   36
 0.82196E+00 0.62154E-02 0.16613E-01 0.12014E+02      2440    6  374   36
 0.90840E+00 0.61841E-02 0.14765E-01 0.12341E+02      2445    6  374   36
 0.95959E+00 0.61634E-02 0.16500E-01 0.12015E+02      2450    6  374   36
 0.95142E+00 0.61472E-02 0.14959E-01 0.12341E+02      2455    6  375   37
 0.12529E+01 0.61240E-02 0.16493E-01 0.12015E+02      2460    6  375   37
 0.11600E+01 0.61163E-02 0.15039E-01 0.12341E+02      2465    6  374   37
 0.12200E+01 0.60860E-02 0.16562E-01 0.12015E+02      2470    6  374   37
 0.12561E+01 0.60861E-02 0.15011E-01 0.12340E+02      2475    6  374   37
 0.88603E+00 0.60493E-02 0.16703E-01 0.12013E+02      2480    6  373   37
 0.10952E+01 0.60513E-02 0.14884E-01 0.12338E+02      2485    6  373   37
 0.11793E+01 0.60105E-02 0.16883E-01 0.12011E+02      2490    6  373   37
-0.83906E+00 0.60039E-02 0.14687E-01 0.12336E+02      2495    5  368   37
 0.88044E+00 0.59651E-02 0.17063E-01 0.12009E+02      2500    6  372   37
 0.92600E+00 0.59550E-02 0.14449E-01 0.12335E+02      2505    6  372   37
 0.92314E+00 0.59218E-02 0.17181E-01 0.12008E+02      2510    6  372   37
 0.93330E+00 0.59029E-02 0.14193E-01 0.12333E+02      2515    6  372   37
 0.96056E+00 0.58735E-02 0.17216E-01 0.12007E+02      2520    6  372   37
 0.74044E+00 0.58511E-02 0.14164E-01 0.12332E+02      2525    6  371   37
 0.83159E+00 0.58383E-02 0.17174E-01 0.12007E+02      2530    6  371   37
 0.86670E+00 0.58120E-02 0.14179E-01 0.12333E+02      2535    6  371   37
 0.86103E+00 0.58054E-02 0.17048E-01 0.12009E+02      2540    6  371   37
 0.81434E+00 0.57754E-02 0.14190E-01 0.12333E+02      2545    6  371   37
 0.74920E+00 0.57706E-02 0.16870E-01 0.12010E+02      2550    6  371   37
 0.74773E+00 0.57435E-02 0.14251E-01 0.12335E+02      2555    7  375   37
 0.78447E+00 0.57504E-02 0.16660E-01 0.12012E+02      2560    8  180   36
 0.75692E+00 0.57330E-02 0.14301E-01 0.12336E+02      2565    7  375   37
 0.85275E+00 0.57470E-02 0.16456E-01 0.12014E+02      2570    7  376   37
 0.96194E+00 0.57372E-02 0.14318E-01 0.12337E+02      2575    7  376   37
 0.10029E+01 0.57446E-02 0.16306E-01 0.12015E+02      2580    7  376   37
 0.99157E+00 0.57399E-02 0.14278E-01 0.12338E+02      2585    7  376   37
 0.81499E+00 0.57443E-02 0.16225E-01 0.12016E+02      2590    7  375   37
 0.85682E+00 0.57457E-02 0.14175E-01 0.12338E+02      2595    7  375   37
 0.92769E+00 0.57469E-02 0.16224E-01 0.12015E+02      2600    7  375   37
 0.95370E+00 0.57463E-02 0.14137E-01 0.12337E+02      2605    7  375   37
 0.10094E+01 0.57341E-02 0.16279E-01 0.12014E+02      2610    4  366   37
 0.86241E+00 0.57279E-02 0.14139E-01 0.12336E+02      2615    4  366   36
 0.86601E+00 0.57097E-02 0.16369E-01 0.12013E+02      2620    4  366   36
 0.88117E+00 0.57012E-02 0.14133E-01 0.12335E+02      2625    4  382   37
-0.89893E+00 0.56788E-02 0.16447E-01 0.12012E+02      2630    6  372   37
-0.90263E+00 0.56667E-02 0.14100E-01 0.12334E+02      2635    6  372   37
-0.88544E+00 0.56428E-02 0.16494E-01 0.12011E+02      2640    6  372   37
-0.85248E+00 0.56230E-02 0.14057E-01 0.12333E+02      2645    6  372   37
-0.88335E+00 0.56036E-02 0.16499E-01 0.12011E+02      2650    6  373   37
-0.90233E+00 0.55920E-02 0.14009E-01 0.12333E+02      2655    6  373   37
 0.90388E+00 0.55845E-02 0.16452E-01 0.12011E+02      2660    3  368   37
-0.91024E+00 0.55736E-02 0.13959E-01 0.12334E+02      2665    6  374   37
 0.94622E+00 0.55716E-02 0.16367E-01 0.12012E+02      2670    4  367   37
 0.10211E+01 0.55580E-02 0.13919E-01 0.12334E+02      2675    6  381   37
 0.92193E+00 0.55463E-02 0.16275E-01 0.12014E+02      2680    6  380   37
 0.10197E+01 0.55398E-02 0.13894E-01 0.12335E+02      2685    6  380   37
-0.81842E+00 0.55394E-02 0.16192E-01 0.12015E+02      2690    7  375   37
 0.88281E+00 0.55383E-02 0.13902E-01 0.12336E+02      2695    6  383   37
 0.91580E+00 0.55327E-02 0.16143E-01 0.12016E+02      2700    6  382   37
 0.95466E+00 0.55231E-02 0.13925E-01 0.12337E+02      2705    6  382   37
 0.11659E+01 0.54987E-02 0.16128E-01 0.12016E+02      2710    7  382   37
 0.10022E+01 0.54897E-02 0.13970E-01 0.12337E+02      2715    7  382   37
 0.88117E+00 0.54614E-02 0.16152E-01 0.12016E+02      2720    3  369   36
 0.10149E+01 0.54527E-02 0.14023E-01 0.12337E+02      2725    6  183   36
 0.97029E+00 0.54129E-02 0.16199E-01 0.12016E+02      2730    7  381   37
 0.10324E+01 0.53949E-02 0.14142E-01 0.12336E+02      2735    7  381   37
 0.11008E+01 0.53485E-02 0.16253E-01 0.12015E+02      2740    7  381   37
 0.11819E+01 0.53362E-02 0.14360E-01 0.12336E+02      2745    7  381   37
 0.94609E+00 0.52958E-02 0.16294E-01 0.12014E+02      2750    5  180   37
 0.95140E+00 0.52882E-02 0.14529E-01 0.12335E+02      2755    5  179   35
 0.96853E+00 0.52525E-02 0.16316E-01 0.12014E+02      2760    7  380   37
 0.10243E+01 0.52418E-02 0.14656E-01 0.12334E+02      2765    7  380   37
 0.10474E+01 0.52132E-02 0.16317E-01 0.12013E+02      2770    7  380   37
 0.10257E+01 0.52027E-02 0.14748E-01 0.12334E+02      2775    7  380   37
 0.92295E+00 0.51846E-02 0.16293E-01 0.12013E+02      2780    4  370   36
 0.97656E+00 0.51730E-02 0.14812E-01 0.12334E+02      2785    4  371   36
 0.10277E+01 0.51543E-02 0.16235E-01 0.12014E+02      2790    6  179   36
 0.10877E+01 0.51391E-02 0.14826E-01 0.12335E+02      2795    6  179   37
-0.11020E+01 0.51341E-02 0.16146E-01 0.12014E+02      2800    5  369   37
-0.10444E+01 0.51239E-02 0.14801E-01 0.12335E+02      2805    5  370   37
 0.12832E+01 0.51149E-02 0.16065E-01 0.12015E+02      2810    6  179   35
-0.77355E+00 0.51070E-02 0.14742E-01 0.12336E+02      2815    5  380   37
 0.90889E+00 0.50974E-02 0.15996E-01 0.12015E+02      2820    7  182   36
 0.82890E+00 0.50938E-02 0.14719E-01 0.12337E+02      2825    7  181   35
 0.72453E+00 0.50677E-02 0.15937E-01 0.12016E+02      2830    7  180   35
 0.78531E+00 0.50563E-02 0.14661E-01 0.12337E+02      2835    7  181   35
 0.82950E+00 0.50244E-02 0.15891E-01 0.12016E+02      2840    4  378   37
 0.79334E+00 0.50169E-02 0.14554E-01 0.12337E+02      2845    4  378   36
-0.99162E+00 0.49879E-02 0.15871E-01 0.12016E+02      2850    8  183   37
 0.88940E+00 0.49858E-02 0.14408E-01 0.12337E+02      2855    5  374   36
 0.98056E+00 0.49622E-02 0.15868E-01 0.12016E+02      2860    7  180   35
 0.89638E+00 0.49694E-02 0.14232E-01 0.12337E+02      2865    8  184   37
 0.83129E+00 0.49464E-02 0.15874E-01 0.12015E+02      2870    8  184   36
 0.88205E+00 0.49615E-02 0.14046E-01 0.12336E+02      2875    8  183   37
 0.95156E+00 0.49438E-02 0.15889E-01 0.12015E+02      2880    8  183   36
 0.99044E+00 0.49695E-02 0.14001E-01 0.12335E+02      2885    5  375   36
 0.11410E+01 0.49557E-02 0.15913E-01 0.12015E+02      2890    8  183   36
 0.11810E+01 0.49787E-02 0.14009E-01 0.12335E+02      2895    8  182   35
 0.88418E+00 0.49719E-02 0.15936E-01 0.12014E+02      2900    6  372   36
 0.91880E+00 0.49991E-02 0.14010E-01 0.12334E+02      2905    6  372   36
 0.11135E+01 0.50008E-02 0.15942E-01 0.12014E+02      2910    4  380   37
 0.99382E+00 0.50125E-02 0.14006E-01 0.12334E+02      2915    4  380   36
 0.10141E+01 0.50025E-02 0.15933E-01 0.12014E+02      2920    6  372   37
 0.11603E+01 0.50079E-02 0.14006E-01 0.12335E+02      2925    6  372   37
 0.98187E+00 0.49988E-02 0.15917E-01 0.12014E+02      2930    6  371   36
 0.99650E+00 0.50021E-02 0.14007E-01 0.12335E+02      2935    6  371   36
 0.10193E+01 0.49884E-02 0.15880E-01 0.12015E+02      2940    6  371   36
 0.10555E+01 0.49918E-02 0.13998E-01 0.12335E+02      2945    6  371   37
 0.11274E+01 0.49775E-02 0.15836E-01 0.12015E+02      2950    6  371   37
 0.11628E+01 0.49760E-02 0.13983E-01 0.12336E+02      2955    6  370   37
 0.12805E+01 0.49577E-02 0.15796E-01 0.12016E+02      2960    6  370   37
 0.12341E+01 0.49502E-02 0.13962E-01 0.12336E+02      2965    6  370   37
 0.11495E+01 0.49335E-02 0.15725E-01 0.12016E+02      2970    9  182   36
 0.11013E+01 0.49290E-02 0.13948E-01 0.12336E+02      2975    6  370   37
 0.12272E+01 0.49042E-02 0.15695E-01 0.12016E+02      2980    9  183   35
 0.11219E+01 0.48961E-02 0.13945E-01 0.12336E+02      2985    6  375   37
 0.12186E+01 0.48772E-02 0.15680E-01 0.12016E+02      2990    9  183   35
 0.99403E+00 0.48735E-02 0.13941E-01 0.12336E+02      2995    6  378   37
 0.10015E+01 0.48582E-02 0.15688E-01 0.12016E+02      3000    6  378   37
 0.96684E+00 0.48579E-02 0.14025E-01 0.12336E+02      3005    6  376   37
 0.11171E+01 0.48326E-02 0.15708E-01 0.12016E+02      3010    6  378   37
 0.11381E+01 0.48367E-02 0.14135E-01 0.12336E+02      3015    6  376   37
-0.10755E+01 0.48228E-02 0.15722E-01 0.12016E+02      3020    5  370   37
 0.10839E+01 0.48298E-02 0.14230E-01 0.12336E+02      3025    7  373   37
 0.11509E+01 0.48173E-02 0.15728E-01 0.12016E+02      3030    7  373   37
 0.13731E+01 0.48235E-02 0.14340E-01 0.12336E+02      3035    7  383   37
 0.12455E+01 0.48010E-02 0.15721E-01 0.12016E+02      3040    7  373   37
 0.12895E+01 0.48038E-02 0.14456E-01 0.12336E+02      3045    7  373   37
 0.13825E+01 0.47818E-02 0.15696E-01 0.12016E+02      3050    7  373   37
 0.11646E+01 0.47811E-02 0.14594E-01 0.12336E+02      3055    7  373   37
 0.12579E+01 0.47597E-02 0.15655E-01 0.12016E+02      3060    7  382   37
 0.14203E+01 0.47531E-02 0.14743E-01 0.12336E+02      3065    7  382   37
 0.10500E+01 0.47203E-02 0.15613E-01 0.12016E+02      3070    7  381   36
 0.11427E+01 0.47072E-02 0.14898E-01 0.12337E+02      3075    7  381   37
 0.12612E+01 0.46844E-02 0.15576E-01 0.12016E+02      3080    7  381   37
 0.13786E+01 0.46771E-02 0.15025E-01 0.12337E+02      3085    7  381   37
 0.13103E+01 0.46673E-02 0.15545E-01 0.12017E+02      3090    7  380   37
 0.12872E+01 0.46653E-02 0.15114E-01 0.12337E+02      3095    7  380   37
 0.12343E+01 0.46601E-02 0.15519E-01 0.12017E+02      3100    7  375   37
 0.12749E+01 0.46603E-02 0.15164E-01 0.12337E+02      3105    7  379   37
 0.10912E+01 0.46620E-02 0.15503E-01 0.12017E+02      3110    7  376   37
 0.11710E+01 0.46677E-02 0.15179E-01 0.12337E+02      3115    7  378   37
 0.12610E+01 0.46803E-02 0.15498E-01 0.12017E+02      3120    7  378   37
 0.12493E+01 0.46875E-02 0.15181E-01 0.12338E+02      3125    7  377   37
 0.13175E+01 0.47022E-02 0.15507E-01 0.12017E+02      3130    7  377   37
 0.90776E+00 0.47096E-02 0.15178E-01 0.12338E+02      3135    7  377   37
-0.97310E+00 0.47242E-02 0.15514E-01 0.12017E+02      3140    5  378   37
-0.10774E+01 0.47180E-02 0.15152E-01 0.12338E+02      3145    5  378   37
 0.95583E+00 0.47263E-02 0.15524E-01 0.12017E+02      3150    8  382   37
 0.10455E+01 0.47118E-02 0.15112E-01 0.12338E+02      3155    8  382   37
 0.11223E+01 0.47172E-02 0.15544E-01 0.12017E+02      3160    8  382   37
 0.11616E+01 0.46979E-02 0.15060E-01 0.12338E+02      3165    8  381   37
 0.10212E+01 0.46960E-02 0.15553E-01 0.12017E+02      3170    8  177   35
 0.10068E+01 0.46738E-02 0.14994E-01 0.12338E+02      3175    8  178   36
 0.10703E+01 0.46689E-02 0.15547E-01 0.12017E+02      3180    8  177   36
 0.10034E+01 0.46464E-02 0.14925E-01 0.12338E+02      3185    8  375   37
 0.11291E+01 0.46475E-02 0.15529E-01 0.12017E+02      3190    8  177   36
 0.10176E+01 0.46285E-02 0.14864E-01 0.12338E+02      3195    8  375   37
 0.11322E+01 0.46317E-02 0.15507E-01 0.12017E+02      3200    8  177   37
 0.10350E+01 0.46153E-02 0.14902E-01 0.12339E+02      3205    8  378   37
 0.10422E+01 0.46155E-02 0.15480E-01 0.12017E+02      3210    8  377   37
-0.92703E+00 0.46003E-02 0.14938E-01 0.12339E+02      3215    7  374   37
 0.10161E+01 0.46076E-02 0.15463E-01 0.12017E+02      3220    8  177   37
-0.99294E+00 0.46089E-02 0.14974E-01 0.12339E+02      3225    6  379   37
-0.98468E+00 0.46201E-02 0.15461E-01 0.12017E+02      3230    6  379   37
-0.96674E+00 0.46268E-02 0.15004E-01 0.12339E+02      3235    6  378   37
-0.86697E+00 0.46419E-02 0.15457E-01 0.12017E+02      3240    6  378   37
-0.83933E+00 0.46536E-02 0.15020E-01 0.12339E+02      3245    7  375   37
 0.95423E+00 0.46728E-02 0.15461E-01 0.12017E+02      3250    6  183   37
 0.93143E+00 0.46802E-02 0.15019E-01 0.12339E+02      3255    6  183   36
 0.85374E+00 0.46970E-02 0.15458E-01 0.12017E+02      3260    6  182   37
 0.79379E+00 0.46980E-02 0.14997E-01 0.12339E+02      3265    4  380   37
 0.10654E+01 0.47164E-02 0.15448E-01 0.12018E+02      3270    6  183   35
 0.85767E+00 0.47148E-02 0.14954E-01 0.12338E+02      3275    4  380   37
 0.88312E+00 0.47267E-02 0.15430E-01 0.12018E+02      3280    9  379   37
 0.93967E+00 0.47170E-02 0.14886E-01 0.12338E+02      3285    9  379   37
 0.10843E+01 0.47280E-02 0.15431E-01 0.12018E+02      3290    4  379   37
 0.12050E+01 0.47124E-02 0.14805E-01 0.12338E+02      3295    4  379   37
 0.10307E+01 0.47211E-02 0.15407E-01 0.12019E+02      3300    6  182   35
 0.90690E+00 0.47022E-02 0.14708E-01 0.12338E+02      3305    4  378   37
 0.11045E+01 0.47117E-02 0.15340E-01 0.12019E+02      3310    6  182   35
 0.90479E+00 0.46924E-02 0.14600E-01 0.12338E+02      3315    4  376   37
 0.98616E+00 0.46995E-02 0.15295E-01 0.12019E+02      3320    6  181   37
 0.87181E+00 0.46859E-02 0.14481E-01 0.12338E+02      3325    9  178   37
 0.10522E+01 0.46924E-02 0.15247E-01 0.12020E+02      3330    6  181   35
 0.10314E+01 0.46848E-02 0.14443E-01 0.12337E+02      3335    5  380   37
 0.11185E+01 0.46966E-02 0.15205E-01 0.12020E+02      3340    9  178   37
 0.11846E+01 0.46846E-02 0.14496E-01 0.12337E+02      3345    9  179   37
 0.11677E+01 0.46866E-02 0.15176E-01 0.12020E+02      3350    9  178   37
 0.13101E+01 0.46803E-02 0.14531E-01 0.12337E+02      3355    9  179   37
 0.98105E+00 0.46780E-02 0.15156E-01 0.12020E+02      3360    6  180   37
 0.11044E+01 0.46754E-02 0.14563E-01 0.12337E+02      3365    6  180   35
 0.91875E+00 0.46718E-02 0.15168E-01 0.12020E+02      3370    7  183   35
 0.95959E+00 0.46633E-02 0.14582E-01 0.12337E+02      3375    5  379   37
 0.10290E+01 0.46587E-02 0.15201E-01 0.12020E+02      3380    7  183   35
 0.10265E+01 0.46464E-02 0.14588E-01 0.12337E+02      3385    7  183   36
 0.11331E+01 0.46395E-02 0.15232E-01 0.12019E+02      3390    7  183   35
 0.10931E+01 0.46193E-02 0.14748E-01 0.12337E+02      3395    7  183   36
 0.11856E+01 0.46082E-02 0.15273E-01 0.12019E+02      3400    7  183   35
 0.10648E+01 0.45836E-02 0.14884E-01 0.12338E+02      3405    7  182   35
 0.11103E+01 0.45786E-02 0.15305E-01 0.12019E+02      3410    7  181   35
 0.10886E+01 0.45606E-02 0.14923E-01 0.12338E+02      3415    7  182   35
 0.93177E+00 0.45667E-02 0.15322E-01 0.12018E+02      3420    5  176   36
 0.96442E+00 0.45632E-02 0.14870E-01 0.12338E+02      3425    5  177   36
 0.95352E+00 0.45640E-02 0.15332E-01 0.12018E+02      3430    5  176   36
 0.10274E+01 0.45593E-02 0.14743E-01 0.12338E+02      3435    5  177   36
 0.96734E+00 0.45668E-02 0.15355E-01 0.12018E+02      3440    5  176   36
 0.10885E+01 0.45760E-02 0.14543E-01 0.12338E+02      3445    5  177   36
 0.10412E+01 0.45876E-02 0.15354E-01 0.12019E+02      3450    5  177   35
 0.10554E+01 0.45985E-02 0.14430E-01 0.12338E+02      3455    5  177   37
 0.10384E+01 0.46041E-02 0.15328E-01 0.12019E+02      3460    5  176   36
 0.11601E+01 0.46105E-02 0.14360E-01 0.12338E+02      3465    5  177   36
 0.10530E+01 0.46124E-02 0.15293E-01 0.12019E+02      3470    5  176   37
 0.11868E+01 0.46195E-02 0.14339E-01 0.12338E+02      3475    5  177   36
 0.11317E+01 0.46251E-02 0.15253E-01 0.12019E+02      3480    8  181   37
 0.11719E+01 0.46353E-02 0.14327E-01 0.12338E+02      3485    5  177   37
 0.12067E+01 0.46387E-02 0.15248E-01 0.12020E+02      3490    8  183   36
 0.13077E+01 0.46390E-02 0.14316E-01 0.12337E+02      3495    8  183   35
 0.12364E+01 0.46301E-02 0.15252E-01 0.12020E+02      3500    8  182   36
 0.12774E+01 0.46289E-02 0.14304E-01 0.12337E+02      3505    8  183   35
 0.13644E+01 0.46186E-02 0.15278E-01 0.12019E+02      3510    8  183   36
 0.14828E+01 0.46178E-02 0.14312E-01 0.12337E+02      3515    8  182   35
 0.12719E+01 0.46096E-02 0.15300E-01 0.12019E+02      3520    8  183   36
 0.13001E+01 0.46142E-02 0.14463E-01 0.12337E+02      3525    8  182   35
 0.96871E+00 0.46058E-02 0.15414E-01 0.12019E+02      3530    6  376   37
 0.12767E+01 0.46075E-02 0.14643E-01 0.12338E+02      3535    8  182   37
 0.99122E+00 0.45963E-02 0.15459E-01 0.12019E+02      3540    6  378   37
 0.11781E+01 0.46123E-02 0.14779E-01 0.12337E+02      3545    8  183   37
 0.12221E+01 0.46175E-02 0.15358E-01 0.12019E+02      3550    8  182   37
 0.11091E+01 0.46317E-02 0.14874E-01 0.12337E+02      3555    9  182   35
 0.11344E+01 0.46370E-02 0.15308E-01 0.12019E+02      3560    6  377   37
 0.11504E+01 0.46425E-02 0.14956E-01 0.12337E+02      3565    6  377   37
 0.11551E+01 0.46396E-02 0.15314E-01 0.12019E+02      3570    9  183   35
 0.12791E+01 0.46498E-02 0.15057E-01 0.12338E+02      3575    9  182   35
 0.11417E+01 0.46483E-02 0.15331E-01 0.12019E+02      3580    9  183   35
 0.12108E+01 0.46577E-02 0.15134E-01 0.12338E+02      3585    9  182   35
 0.11915E+01 0.46671E-02 0.15350E-01 0.12019E+02      3590    9  183   35
 0.12042E+01 0.46735E-02 0.15170E-01 0.12338E+02      3595    9  183   36
 0.12585E+01 0.46731E-02 0.15367E-01 0.12018E+02      3600    9  183   35
 0.95872E+00 0.46709E-02 0.15179E-01 0.12338E+02      3605    6  176   36
 0.10920E+01 0.46667E-02 0.15391E-01 0.12018E+02      3610    6  177   35
 0.95105E+00 0.46637E-02 0.15164E-01 0.12338E+02      3615   11  179   35
 0.11910E+01 0.46591E-02 0.15403E-01 0.12018E+02      3620    6  177   35
 0.11461E+01 0.46519E-02 0.15119E-01 0.12338E+02      3625    6  177   36
 0.12322E+01 0.46400E-02 0.15417E-01 0.12018E+02      3630    6  177   37
 0.10838E+01 0.46310E-02 0.15077E-01 0.12338E+02      3635   11  179   35
 0.12186E+01 0.46187E-02 0.15430E-01 0.12018E+02      3640    6  176   37
 0.10439E+01 0.46214E-02 0.15029E-01 0.12338E+02      3645   11  179   35
 0.10669E+01 0.46133E-02 0.15446E-01 0.12018E+02      3650   11  180   35
 0.11944E+01 0.46162E-02 0.14972E-01 0.12338E+02      3655   11  179   35
 0.11346E+01 0.46069E-02 0.15459E-01 0.12018E+02      3660   11  180   35
 0.12000E+01 0.46136E-02 0.14917E-01 0.12338E+02      3665   11  179   35
 0.11779E+01 0.46031E-02 0.15469E-01 0.12017E+02      3670   11  180   35
 0.11727E+01 0.46142E-02 0.14844E-01 0.12338E+02      3675    7  378   37
 0.92876E+00 0.46085E-02 0.15489E-01 0.12017E+02      3680    4  374   36
-0.88234E+00 0.46288E-02 0.14770E-01 0.12339E+02      3685    7  375   37
-0.87843E+00 0.46336E-02 0.15516E-01 0.12017E+02      3690    7  375   37
-0.87427E+00 0.46572E-02 0.14684E-01 0.12339E+02      3695    7  375   37
-0.89285E+00 0.46648E-02 0.15548E-01 0.12017E+02      3700    7  375   37
 0.94193E+00 0.46867E-02 0.14606E-01 0.12339E+02      3705    5  373   37
-0.10126E+01 0.46863E-02 0.15588E-01 0.12017E+02      3710    7  376   37
-0.10191E+01 0.47003E-02 0.14525E-01 0.12339E+02      3715    7  376   37
-0.98589E+00 0.46959E-02 0.15629E-01 0.12017E+02      3720    7  376   37
-0.93567E+00 0.47036E-02 0.14596E-01 0.12340E+02      3725    7  376   37
 0.97387E+00 0.46984E-02 0.15663E-01 0.12016E+02      3730    8  379   37
 0.99180E+00 0.47058E-02 0.14683E-01 0.12340E+02      3735    8  379   37
 0.98473E+00 0.47038E-02 0.15686E-01 0.12016E+02      3740    8  380   37
-0.92216E+00 0.47162E-02 0.14763E-01 0.12340E+02      3745    7  377   37
 0.96226E+00 0.47079E-02 0.15703E-01 0.12016E+02      3750    4  376   37
 0.10469E+01 0.47085E-02 0.14827E-01 0.12341E+02      3755    4  376   37
 0.10265E+01 0.46972E-02 0.15711E-01 0.12016E+02      3760    5  374   37
 0.98567E+00 0.47033E-02 0.14870E-01 0.12341E+02      3765    6  372   37
 0.10399E+01 0.46940E-02 0.15711E-01 0.12016E+02      3770    6  372   37
-0.92309E+00 0.46988E-02 0.14885E-01 0.12341E+02      3775    7  378   37
-0.89718E+00 0.46944E-02 0.15702E-01 0.12016E+02      3780    7  378   37
-0.89325E+00 0.46950E-02 0.14886E-01 0.12340E+02      3785    7  378   37
-0.92237E+00 0.46876E-02 0.15697E-01 0.12016E+02      3790    7  378   37
-0.96111E+00 0.46983E-02 0.14920E-01 0.12340E+02      3795    7  379   37
-0.10093E+01 0.46884E-02 0.15705E-01 0.12016E+02      3800    7  379   37
 0.10569E+01 0.46965E-02 0.14978E-01 0.12340E+02      3805    5  380   37
 0.11082E+01 0.46820E-02 0.15724E-01 0.12016E+02      3810    5  375   36
-0.10432E+01 0.46812E-02 0.15063E-01 0.12341E+02      3815    8  379   37
-0.97985E+00 0.46704E-02 0.15751E-01 0.12016E+02      3820    8  379   37
 0.11831E+01 0.46760E-02 0.15166E-01 0.12341E+02      3825    7  178   36
 0.11163E+01 0.46621E-02 0.15766E-01 0.12015E+02      3830    7  177   37
 0.11754E+01 0.46601E-02 0.15342E-01 0.12341E+02      3835    7  178   37
 0.10310E+01 0.46380E-02 0.15786E-01 0.12015E+02      3840    7  177   37
 0.10499E+01 0.46373E-02 0.15502E-01 0.12341E+02      3845    5  376   36
 0.90138E+00 0.46268E-02 0.15792E-01 0.12015E+02      3850    6  374   37
 0.90058E+00 0.46317E-02 0.15579E-01 0.12341E+02      3855    5  377   36
-0.85105E+00 0.46261E-02 0.15772E-01 0.12015E+02      3860    4  374   37
-0.84089E+00 0.46424E-02 0.15637E-01 0.12341E+02      3865    8  380   37
-0.84455E+00 0.46411E-02 0.15754E-01 0.12016E+02      3870    9  379   37
-0.85862E+00 0.46539E-02 0.15783E-01 0.12341E+02      3875    9  380   37
 0.11659E+01 0.46455E-02 0.15736E-01 0.12016E+02      3880    6  182   35
 0.12199E+01 0.46573E-02 0.15940E-01 0.12340E+02      3885    6  183   35
 0.10881E+01 0.46508E-02 0.15721E-01 0.12016E+02      3890    6  182   36
 0.11073E+01 0.46605E-02 0.16099E-01 0.12340E+02      3895    6  183   35
 0.11953E+01 0.46549E-02 0.15695E-01 0.12016E+02      3900    6  380   37
 0.98126E+00 0.46635E-02 0.16231E-01 0.12340E+02      3905    6  183   37
 0.96468E+00 0.46583E-02 0.15675E-01 0.12016E+02      3910    8  177   35
 0.11173E+01 0.46648E-02 0.16342E-01 0.12340E+02      3915    6  379   37
 0.11316E+01 0.46519E-02 0.15669E-01 0.12016E+02      3920    6  379   37
 0.11688E+01 0.46523E-02 0.16429E-01 0.12340E+02      3925    6  379   37
 0.10350E+01 0.46343E-02 0.15667E-01 0.12016E+02      3930    8  177   35
 0.96446E+00 0.46366E-02 0.16492E-01 0.12340E+02      3935    8  177   36
 0.11517E+01 0.46253E-02 0.15653E-01 0.12016E+02      3940    8  177   35
 0.10807E+01 0.46322E-02 0.16519E-01 0.12340E+02      3945    8  178   35
 0.12175E+01 0.46233E-02 0.15628E-01 0.12016E+02      3950    8  177   35
 0.11915E+01 0.46219E-02 0.16502E-01 0.12339E+02      3955    8  178   35
 0.12235E+01 0.46145E-02 0.15598E-01 0.12016E+02      3960    8  177   35
 0.12830E+01 0.46141E-02 0.16441E-01 0.12339E+02      3965    8  178   35
 0.11136E+01 0.46033E-02 0.15564E-01 0.12017E+02      3970    7  181   35
 0.13580E+01 0.46035E-02 0.16344E-01 0.12339E+02      3975    8  178   35
 0.11869E+01 0.46003E-02 0.15525E-01 0.12017E+02      3980    8  178   36
 0.14273E+01 0.45983E-02 0.16223E-01 0.12338E+02      3985    8  178   35
 0.12059E+01 0.45933E-02 0.15500E-01 0.12017E+02      3990    8  180   36
 0.14319E+01 0.45963E-02 0.16098E-01 0.12338E+02      3995    8  179   35
 0.13788E+01 0.45885E-02 0.15478E-01 0.12017E+02      4000    8  178   36
 0.14917E+01 0.45783E-02 0.15970E-01 0.12338E+02      4005    8  179   35
 0.13985E+01 0.45686E-02 0.15462E-01 0.12017E+02      4010    8  180   36
 0.15109E+01 0.45643E-02 0.15845E-01 0.12338E+02      4015    8  179   36
 0.15020E+01 0.45510E-02 0.15440E-01 0.12017E+02      4020    8  180   36
 0.15369E+01 0.45515E-02 0.15723E-01 0.12338E+02      4025    8  180   35
 0.15850E+01 0.45297E-02 0.15426E-01 0.12017E+02      4030    8  180   36
 0.15346E+01 0.45260E-02 0.15601E-01 0.12338E+02      4035    8  180   35
 0.12154E+01 0.44994E-02 0.15420E-01 0.12017E+02      4040    7  377   37
 0.14271E+01 0.44975E-02 0.15483E-01 0.12338E+02      4045    8  178   37
-0.83707E+00 0.44769E-02 0.15430E-01 0.12016E+02      4050    7  373   37
 0.12839E+01 0.44728E-02 0.15369E-01 0.12338E+02      4055    8  181   35
 0.96590E+00 0.44548E-02 0.15440E-01 0.12016E+02      4060    8  182   35
 0.13734E+01 0.44506E-02 0.15427E-01 0.12338E+02      4065    8  181   35
 0.11093E+01 0.44354E-02 0.15450E-01 0.12016E+02      4070    8  182   35
 0.12925E+01 0.44250E-02 0.15440E-01 0.12338E+02      4075    8  181   36
 0.12134E+01 0.44118E-02 0.15447E-01 0.12016E+02      4080    8  182   35
 0.11661E+01 0.43953E-02 0.15402E-01 0.12338E+02      4085    8  181   37
 0.13074E+01 0.43939E-02 0.15448E-01 0.12016E+02      4090    8  183   35
 0.11350E+01 0.43847E-02 0.15449E-01 0.12338E+02      4095    9  178   36
 0.13863E+01 0.43951E-02 0.15450E-01 0.12016E+02      4100    8  183   35
 0.12295E+01 0.43870E-02 0.15493E-01 0.12338E+02      4105    8  184   37
 0.14493E+01 0.44025E-02 0.15453E-01 0.12016E+02      4110    8  183   35
 0.12041E+01 0.44000E-02 0.15515E-01 0.12338E+02      4115    8  184   37
 0.13455E+01 0.44183E-02 0.15467E-01 0.12016E+02      4120    8  182   35
 0.12080E+01 0.44133E-02 0.15519E-01 0.12338E+02      4125    8  184   37
 0.14466E+01 0.44389E-02 0.15489E-01 0.12016E+02      4130    9  179   35
 0.88745E+00 0.44287E-02 0.15505E-01 0.12338E+02      4135    8  379   37
 0.15188E+01 0.44642E-02 0.15515E-01 0.12015E+02      4140    9  179   37
 0.12254E+01 0.44468E-02 0.15466E-01 0.12339E+02      4145    8  183   37
 0.15494E+01 0.44613E-02 0.15538E-01 0.12015E+02      4150    9  180   36
 0.10268E+01 0.44565E-02 0.15406E-01 0.12339E+02      4155    8  377   37
 0.16139E+01 0.44722E-02 0.15551E-01 0.12015E+02      4160    9  180   36
 0.10769E+01 0.44613E-02 0.15323E-01 0.12339E+02      4165    8  378   37
 0.16524E+01 0.44706E-02 0.15566E-01 0.12015E+02      4170    9  180   35
 0.12030E+01 0.44633E-02 0.15308E-01 0.12339E+02      4175    9  181   35
 0.15859E+01 0.44701E-02 0.15581E-01 0.12015E+02      4180    9  180   35
 0.14640E+01 0.44625E-02 0.15355E-01 0.12340E+02      4185    9  181   36
 0.11795E+01 0.44671E-02 0.15594E-01 0.12015E+02      4190    9  181   37
 0.15709E+01 0.44710E-02 0.15392E-01 0.12340E+02      4195    9  181   36
 0.99708E+00 0.44720E-02 0.15602E-01 0.12015E+02      4200    9  183   37
 0.16582E+01 0.44816E-02 0.15410E-01 0.12340E+02      4205    9  181   36
 0.11632E+01 0.44863E-02 0.15612E-01 0.12015E+02      4210    9  183   36
 0.15146E+01 0.44875E-02 0.15425E-01 0.12340E+02      4215    9  181   35
 0.12615E+01 0.44860E-02 0.15626E-01 0.12014E+02      4220    9  183   36
 0.15166E+01 0.44892E-02 0.15447E-01 0.12340E+02      4225    9  182   36
 0.14891E+01 0.44917E-02 0.15649E-01 0.12014E+02      4230    9  183   36
 0.16380E+01 0.44874E-02 0.15473E-01 0.12341E+02      4235    9  182   36
 0.16541E+01 0.44806E-02 0.15677E-01 0.12014E+02      4240    9  183   37
 0.15232E+01 0.44711E-02 0.15721E-01 0.12341E+02      4245    9  182   35
 0.13236E+01 0.44598E-02 0.15710E-01 0.12014E+02      4250    9  184   37
 0.13372E+01 0.44444E-02 0.16009E-01 0.12342E+02      4255    9  183   35
 0.13625E+01 0.44382E-02 0.15754E-01 0.12013E+02      4260    9  184   37
 0.10643E+01 0.44193E-02 0.16260E-01 0.12342E+02      4265    5  378   37
 0.11037E+01 0.44070E-02 0.15801E-01 0.12013E+02      4270    5  378   37
 0.11476E+01 0.43903E-02 0.16441E-01 0.12343E+02      4275    5  378   37
 0.99336E+00 0.43749E-02 0.15851E-01 0.12012E+02      4280   10  180   37
 0.11314E+01 0.43674E-02 0.16529E-01 0.12343E+02      4285   10  180   36
 0.11037E+01 0.43614E-02 0.15891E-01 0.12012E+02      4290   10  180   37
 0.10596E+01 0.43631E-02 0.16527E-01 0.12343E+02      4295   10  180   35
 0.11185E+01 0.43544E-02 0.15910E-01 0.12012E+02      4300   10  180   37
 0.11353E+01 0.43463E-02 0.16446E-01 0.12343E+02      4305   10  180   35
 0.10906E+01 0.43393E-02 0.15914E-01 0.12012E+02      4310   10  181   35
 0.11473E+01 0.43432E-02 0.16294E-01 0.12343E+02      4315   10  180   35
 0.10245E+01 0.43413E-02 0.15899E-01 0.12012E+02      4320    6  380   37
 0.11250E+01 0.43456E-02 0.16071E-01 0.12343E+02      4325    5  180   36
 0.11445E+01 0.43465E-02 0.15855E-01 0.12013E+02      4330   10  182   36
 0.11311E+01 0.43462E-02 0.15776E-01 0.12342E+02      4335   10  182   35
 0.10994E+01 0.43542E-02 0.15824E-01 0.12013E+02      4340    5  181   37
 0.12257E+01 0.43552E-02 0.15447E-01 0.12342E+02      4345   10  182   35
 0.11299E+01 0.43579E-02 0.15819E-01 0.12014E+02      4350    5  180   37
 0.13124E+01 0.43592E-02 0.15109E-01 0.12342E+02      4355    5  180   36
-0.11492E+01 0.43517E-02 0.15823E-01 0.12014E+02      4360    9  181   37
 0.10762E+01 0.43372E-02 0.15000E-01 0.12342E+02      4365    6  379   37
 0.12234E+01 0.43323E-02 0.15833E-01 0.12014E+02      4370    5  181   37
 0.11457E+01 0.43147E-02 0.14896E-01 0.12342E+02      4375    6  374   36
 0.10434E+01 0.43090E-02 0.15832E-01 0.12015E+02      4380    6  378   37
 0.10764E+01 0.43016E-02 0.14749E-01 0.12342E+02      4385    5  179   37
 0.10316E+01 0.42916E-02 0.15821E-01 0.12015E+02      4390    6  378   37
 0.10153E+01 0.42753E-02 0.14571E-01 0.12342E+02      4395    6  375   37
 0.99095E+00 0.42659E-02 0.15822E-01 0.12015E+02      4400    6  375   37
 0.98560E+00 0.42438E-02 0.14418E-01 0.12341E+02      4405    6  375   36
 0.10544E+01 0.42321E-02 0.15828E-01 0.12016E+02      4410   11  179   35
 0.10902E+01 0.42195E-02 0.14397E-01 0.12342E+02      4415    6  183   37
 0.10517E+01 0.42038E-02 0.15835E-01 0.12016E+02      4420   11  179   35
 0.12565E+01 0.42051E-02 0.14424E-01 0.12341E+02      4425    6  183   37
 0.10290E+01 0.41952E-02 0.15825E-01 0.12016E+02      4430    6  182   35
 0.14195E+01 0.41933E-02 0.14527E-01 0.12341E+02      4435    6  183   37
 0.10941E+01 0.41894E-02 0.15815E-01 0.12016E+02      4440    6  182   35
 0.13178E+01 0.41902E-02 0.14636E-01 0.12341E+02      4445    6  183   37
 0.10368E+01 0.41833E-02 0.15797E-01 0.12017E+02      4450    6  182   35
 0.11015E+01 0.41773E-02 0.14722E-01 0.12341E+02      4455    6  182   36
 0.11509E+01 0.41687E-02 0.15769E-01 0.12017E+02      4460    6  181   35
 0.12672E+01 0.41556E-02 0.14787E-01 0.12341E+02      4465    6  182   36
 0.12780E+01 0.41494E-02 0.15741E-01 0.12018E+02      4470    6  181   35
 0.11466E+01 0.41421E-02 0.14843E-01 0.12341E+02      4475    6  181   36
 0.99253E+00 0.41421E-02 0.15734E-01 0.12018E+02      4480    6  181   35
 0.11721E+01 0.41427E-02 0.14893E-01 0.12341E+02      4485    6  181   36
 0.12671E+01 0.41493E-02 0.15720E-01 0.12018E+02      4490    6  180   35
 0.12781E+01 0.41458E-02 0.14926E-01 0.12341E+02      4495    6  181   36
 0.13687E+01 0.41445E-02 0.15719E-01 0.12018E+02      4500    6  180   35
 0.10165E+01 0.41375E-02 0.14955E-01 0.12341E+02      4505    6  181   36
 0.10185E+01 0.41320E-02 0.15721E-01 0.12018E+02      4510    6  180   35
 0.10323E+01 0.41258E-02 0.14960E-01 0.12341E+02      4515    6  179   35
 0.14415E+01 0.41245E-02 0.15712E-01 0.12018E+02      4520    6  180   35
 0.11613E+01 0.41228E-02 0.14963E-01 0.12341E+02      4525    6  179   35
 0.13534E+01 0.41293E-02 0.15697E-01 0.12019E+02      4530    6  180   36
 0.11883E+01 0.41329E-02 0.14978E-01 0.12341E+02      4535    6  180   37
 0.11692E+01 0.41474E-02 0.15689E-01 0.12019E+02      4540    6  179   37
 0.11058E+01 0.41594E-02 0.14980E-01 0.12341E+02      4545    6  180   37
 0.11047E+01 0.41720E-02 0.15656E-01 0.12019E+02      4550    7  376   37
 0.99492E+00 0.41864E-02 0.14990E-01 0.12341E+02      4555    7  176   36
 0.92960E+00 0.41973E-02 0.15655E-01 0.12019E+02      4560    7  176   37
-0.91100E+00 0.42117E-02 0.15030E-01 0.12341E+02      4565    6  374   37
 0.99298E+00 0.42201E-02 0.15656E-01 0.12019E+02      4570    7  176   37
-0.87184E+00 0.42310E-02 0.15043E-01 0.12341E+02      4575    6  374   37
 0.90766E+00 0.42435E-02 0.15621E-01 0.12019E+02      4580    7  176   37
 0.92667E+00 0.42551E-02 0.15047E-01 0.12341E+02      4585    7  183   36
 0.10568E+01 0.42646E-02 0.15618E-01 0.12019E+02      4590    7  183   35
 0.10568E+01 0.42731E-02 0.15063E-01 0.12341E+02      4595    7  183   36
 0.11216E+01 0.42734E-02 0.15597E-01 0.12019E+02      4600    7  183   35
 0.10969E+01 0.42746E-02 0.15063E-01 0.12340E+02      4605    7  183   36
-0.88587E+00 0.42631E-02 0.15580E-01 0.12019E+02      4610    6  375   37
 0.10151E+01 0.42599E-02 0.15083E-01 0.12341E+02      4615    7  177   36
 0.10038E+01 0.42445E-02 0.15592E-01 0.12019E+02      4620    7  182   35
 0.97452E+00 0.42381E-02 0.15098E-01 0.12341E+02      4625    7  182   36
 0.11572E+01 0.42220E-02 0.15588E-01 0.12019E+02      4630    7  182   35
 0.10745E+01 0.42157E-02 0.15133E-01 0.12341E+02      4635    7  182   36
 0.12451E+01 0.42028E-02 0.15599E-01 0.12018E+02      4640    7  182   35
-0.98698E+00 0.41985E-02 0.15193E-01 0.12341E+02      4645    7  374   37
 0.12270E+01 0.41938E-02 0.15618E-01 0.12018E+02      4650    7  182   35
 0.95672E+00 0.42019E-02 0.15269E-01 0.12341E+02      4655    7  178   36
 0.12348E+01 0.42015E-02 0.15625E-01 0.12018E+02      4660    7  182   35
 0.10684E+01 0.42146E-02 0.15358E-01 0.12341E+02      4665    7  181   35
 0.97387E+00 0.42166E-02 0.15638E-01 0.12018E+02      4670    7  182   35
 0.11993E+01 0.42276E-02 0.15444E-01 0.12341E+02      4675    7  181   35
 0.11321E+01 0.42264E-02 0.15636E-01 0.12018E+02      4680    7  178   37
 0.11619E+01 0.42386E-02 0.15516E-01 0.12341E+02      4685    7  178   36
 0.12222E+01 0.42367E-02 0.15635E-01 0.12018E+02      4690    7  178   37
 0.12564E+01 0.42467E-02 0.15566E-01 0.12341E+02      4695    7  181   35
 0.13291E+01 0.42469E-02 0.15645E-01 0.12017E+02      4700    7  178   37
 0.12166E+01 0.42582E-02 0.15747E-01 0.12341E+02      4705    8  176   36
 0.13105E+01 0.42651E-02 0.15655E-01 0.12017E+02      4710    7  180   36
 0.12644E+01 0.42727E-02 0.15939E-01 0.12342E+02      4715    7  180   35
 0.13735E+01 0.42831E-02 0.15659E-01 0.12017E+02      4720    7  179   36
 0.13232E+01 0.42935E-02 0.16060E-01 0.12342E+02      4725    7  180   37
 0.14159E+01 0.43045E-02 0.15661E-01 0.12017E+02      4730    5  378   37
 0.13749E+01 0.43140E-02 0.16121E-01 0.12342E+02      4735    5  378   37
 0.13583E+01 0.43277E-02 0.15661E-01 0.12017E+02      4740    8  183   37
 0.12917E+01 0.43361E-02 0.16107E-01 0.12342E+02      4745    8  176   37
 0.14130E+01 0.43507E-02 0.15646E-01 0.12017E+02      4750    8  183   37
 0.13591E+01 0.43622E-02 0.16034E-01 0.12342E+02      4755    8  183   36
 0.12417E+01 0.43761E-02 0.15641E-01 0.12017E+02      4760    8  182   35
 0.13491E+01 0.43922E-02 0.15894E-01 0.12341E+02      4765    8  177   36
 0.12823E+01 0.44094E-02 0.15628E-01 0.12017E+02      4770    8  177   37
 0.83140E+00 0.44126E-02 0.15702E-01 0.12341E+02      4775    8  180   36
 0.13093E+01 0.44357E-02 0.15612E-01 0.12017E+02      4780    8  182   35
 0.10304E+01 0.44399E-02 0.15504E-01 0.12341E+02      4785    8  178   36
 0.12817E+01 0.44611E-02 0.15601E-01 0.12017E+02      4790    8  182   36
 0.10917E+01 0.44537E-02 0.15429E-01 0.12341E+02      4795    8  178   36
 0.12925E+01 0.44725E-02 0.15583E-01 0.12017E+02      4800    8  182   37
 0.12140E+01 0.44667E-02 0.15340E-01 0.12341E+02      4805    8  181   35
 0.13938E+01 0.44812E-02 0.15560E-01 0.12017E+02      4810    8  178   35
 0.13355E+01 0.44786E-02 0.15266E-01 0.12341E+02      4815    8  178   36
 0.11990E+01 0.44822E-02 0.15548E-01 0.12017E+02      4820    8  181   37
 0.13716E+01 0.44860E-02 0.15203E-01 0.12341E+02      4825    8  178   37
 0.14247E+01 0.44972E-02 0.15530E-01 0.12017E+02      4830    9  184   36
 0.13037E+01 0.44943E-02 0.15171E-01 0.12340E+02      4835    8  181   35
 0.13995E+01 0.45004E-02 0.15520E-01 0.12017E+02      4840    9  183   37
 0.14457E+01 0.44952E-02 0.15188E-01 0.12340E+02      4845    8  178   37
 0.15051E+01 0.45039E-02 0.15516E-01 0.12018E+02      4850    9  183   37
 0.17696E+01 0.44991E-02 0.15220E-01 0.12340E+02      4855    8  180   36
 0.19109E+01 0.45130E-02 0.15501E-01 0.12018E+02      4860    8  180   37
 0.19967E+01 0.45071E-02 0.15232E-01 0.12340E+02      4865    8  180   36
 0.21320E+01 0.45110E-02 0.15488E-01 0.12018E+02      4870    8  180   37
 0.19911E+01 0.45019E-02 0.15230E-01 0.12340E+02      4875    8  179   37
 0.19744E+01 0.45056E-02 0.15471E-01 0.12018E+02      4880    8  180   37
 0.20450E+01 0.44989E-02 0.15202E-01 0.12340E+02      4885    8  179   37
 0.10980E+01 0.44841E-02 0.15477E-01 0.12018E+02      4890    6  374   36
 0.12462E+01 0.44752E-02 0.15165E-01 0.12340E+02      4895    9  182   37
 0.11070E+01 0.44607E-02 0.15487E-01 0.12018E+02      4900    9  181   36
 0.11232E+01 0.44540E-02 0.15113E-01 0.12340E+02      4905    9  182   37
 0.12324E+01 0.44494E-02 0.15480E-01 0.12018E+02      4910    9  178   35
 0.14447E+01 0.44480E-02 0.15036E-01 0.12340E+02      4915    9  182   37
 0.13457E+01 0.44442E-02 0.15475E-01 0.12018E+02      4920    9  182   36
 0.15966E+01 0.44420E-02 0.15010E-01 0.12340E+02      4925    9  182   37
 0.12062E+01 0.44431E-02 0.15484E-01 0.12018E+02      4930    9  179   35
 0.14183E+01 0.44314E-02 0.15064E-01 0.12340E+02      4935    9  181   37
 0.11017E+01 0.44256E-02 0.15499E-01 0.12018E+02      4940    9  181   36
 0.12028E+01 0.44139E-02 0.15070E-01 0.12340E+02      4945    9  181   37
 0.14682E+01 0.44117E-02 0.15520E-01 0.12017E+02      4950    9  181   36
 0.14104E+01 0.44070E-02 0.15033E-01 0.12340E+02      4955    9  180   36
 0.13481E+01 0.44172E-02 0.15533E-01 0.12017E+02      4960    9  181   35
 0.13622E+01 0.44154E-02 0.14955E-01 0.12340E+02      4965    9  180   36
 0.16303E+01 0.44322E-02 0.15557E-01 0.12017E+02      4970    9  180   35
 0.11568E+01 0.44441E-02 0.14839E-01 0.12341E+02      4975    5  176   36
 0.16861E+01 0.44635E-02 0.15585E-01 0.12017E+02      4980    9  180   35
 0.11979E+01 0.44795E-02 0.14725E-01 0.12341E+02      4985    5  176   36
 0.10200E+01 0.44932E-02 0.15616E-01 0.12017E+02      4990    7  374   36
 0.12181E+01 0.45092E-02 0.14740E-01 0.12341E+02      4995    5  176   36
 0.10853E+01 0.45199E-02 0.15653E-01 0.12016E+02      5000    7  374   37
 0.11778E+01 0.45329E-02 0.14751E-01 0.12342E+02      5005    5  176   37
 0.10016E+01 0.45445E-02 0.15687E-01 0.12016E+02      5010    7  375   36
 0.11155E+01 0.45604E-02 0.14750E-01 0.12342E+02      5015    5  177   36
 0.11549E+01 0.45768E-02 0.15714E-01 0.12016E+02      5020    7  375   36
 0.11610E+01 0.45765E-02 0.14746E-01 0.12342E+02      5025    5  177   36
 0.10558E+01 0.45856E-02 0.15721E-01 0.12016E+02      5030    5  177   37
 0.10674E+01 0.45736E-02 0.14733E-01 0.12342E+02      5035    5  177   36
 0.96790E+00 0.45841E-02 0.15725E-01 0.12016E+02      5040   10  183   36
 0.11956E+01 0.45754E-02 0.14729E-01 0.12342E+02      5045    5  177   36
 0.10809E+01 0.45893E-02 0.15695E-01 0.12016E+02      5050    5  177   37
 0.12073E+01 0.45743E-02 0.14713E-01 0.12342E+02      5055    5  177   36
 0.99642E+00 0.45746E-02 0.15673E-01 0.12016E+02      5060   10  179   36
 0.10078E+01 0.45606E-02 0.14696E-01 0.12342E+02      5065   10  183   37
 0.12315E+01 0.45623E-02 0.15648E-01 0.12017E+02      5070    5  177   37
 0.11743E+01 0.45422E-02 0.14683E-01 0.12342E+02      5075    5  178   36
 0.11594E+01 0.45400E-02 0.15623E-01 0.12017E+02      5080    5  177   37
 0.11393E+01 0.45228E-02 0.14645E-01 0.12341E+02      5085    5  178   36
 0.11788E+01 0.45179E-02 0.15605E-01 0.12017E+02      5090    5  180   35
 0.12435E+01 0.45114E-02 0.14627E-01 0.12341E+02      5095    5  178   36
 0.11369E+01 0.45060E-02 0.15586E-01 0.12017E+02      5100    5  179   37
 0.13052E+01 0.44943E-02 0.14608E-01 0.12341E+02      5105    5  179   36
 0.98927E+00 0.44892E-02 0.15572E-01 0.12017E+02      5110    5  179   37
 0.11994E+01 0.44823E-02 0.14589E-01 0.12341E+02      5115    5  179   36
 0.12884E+01 0.44728E-02 0.15577E-01 0.12017E+02      5120    5  179   37
 0.12753E+01 0.44655E-02 0.14808E-01 0.12341E+02      5125    5  180   37
 0.13375E+01 0.44564E-02 0.15581E-01 0.12017E+02      5130    5  179   37
 0.13273E+01 0.44431E-02 0.15020E-01 0.12341E+02      5135    5  180   37
 0.13268E+01 0.44384E-02 0.15584E-01 0.12017E+02      5140    5  179   37
 0.82926E+00 0.44226E-02 0.15189E-01 0.12341E+02      5145    6  181   35
 0.95976E+00 0.44158E-02 0.15582E-01 0.12017E+02      5150    6  181   36
 0.92855E+00 0.44004E-02 0.15289E-01 0.12341E+02      5155   11  178   35
 0.97488E+00 0.43875E-02 0.15576E-01 0.12018E+02      5160    6  181   37
 0.92533E+00 0.43645E-02 0.15313E-01 0.12341E+02      5165    5  371   36
 0.89537E+00 0.43564E-02 0.15578E-01 0.12018E+02      5170   11  179   35
 0.86886E+00 0.43396E-02 0.15284E-01 0.12341E+02      5175   11  178   35
 0.10803E+01 0.43418E-02 0.15574E-01 0.12018E+02      5180    6  176   36
 0.97897E+00 0.43310E-02 0.15209E-01 0.12341E+02      5185   11  178   35
 0.99898E+00 0.43310E-02 0.15576E-01 0.12018E+02      5190   11  180   35
 0.95420E+00 0.43167E-02 0.15088E-01 0.12341E+02      5195    5  377   37
 0.11166E+01 0.43281E-02 0.15568E-01 0.12018E+02      5200    6  180   35
 0.75920E+00 0.43182E-02 0.14921E-01 0.12340E+02      5205    5  372   36
 0.11726E+01 0.43289E-02 0.15573E-01 0.12018E+02      5210    6  180   36
 0.95167E+00 0.43267E-02 0.14999E-01 0.12340E+02      5215    5  372   37
 0.10856E+01 0.43385E-02 0.15562E-01 0.12018E+02      5220    6  179   35
 0.10210E+01 0.43250E-02 0.15099E-01 0.12340E+02      5225    5  372   36
 0.11701E+01 0.43294E-02 0.15544E-01 0.12019E+02      5230    6  180   36
 0.12350E+01 0.43115E-02 0.15200E-01 0.12340E+02      5235    6  180   37
 0.13342E+01 0.43090E-02 0.15520E-01 0.12019E+02      5240    6  180   36
 0.13455E+01 0.42866E-02 0.15290E-01 0.12340E+02      5245    6  180   37
 0.13740E+01 0.42803E-02 0.15498E-01 0.12019E+02      5250    6  179   35
 0.98016E+00 0.42631E-02 0.15367E-01 0.12340E+02      5255    6  180   37
 0.12494E+01 0.42594E-02 0.15484E-01 0.12019E+02      5260    6  179   36
 0.87472E+00 0.42411E-02 0.15436E-01 0.12340E+02      5265    5  375   37
 0.88607E+00 0.42318E-02 0.15469E-01 0.12019E+02      5270    6  179   37
 0.87119E+00 0.42174E-02 0.15480E-01 0.12340E+02      5275    7  175   37
 0.96414E+00 0.42102E-02 0.15432E-01 0.12020E+02      5280    6  179   37
 0.92579E+00 0.42060E-02 0.15503E-01 0.12339E+02      5285    7  175   37
 0.97264E+00 0.42034E-02 0.15404E-01 0.12020E+02      5290    6  179   37
 0.94160E+00 0.42012E-02 0.15498E-01 0.12339E+02      5295    8  183   36
 0.10383E+01 0.42024E-02 0.15382E-01 0.12020E+02      5300    8  183   37
 0.97503E+00 0.42074E-02 0.15466E-01 0.12339E+02      5305    8  183   36
 0.10841E+01 0.42178E-02 0.15375E-01 0.12020E+02      5310    8  183   37
 0.98111E+00 0.42260E-02 0.15411E-01 0.12339E+02      5315    8  183   36
 0.96658E+00 0.42307E-02 0.15371E-01 0.12020E+02      5320    6  372   36
 0.10368E+01 0.42357E-02 0.15345E-01 0.12340E+02      5325    6  376   37
 0.10310E+01 0.42385E-02 0.15371E-01 0.12020E+02      5330    7  379   37
 0.10000E+01 0.42449E-02 0.15271E-01 0.12340E+02      5335    8  183   36
 0.84613E+00 0.42512E-02 0.15375E-01 0.12019E+02      5340    7  181   35
 0.84070E+00 0.42565E-02 0.15205E-01 0.12340E+02      5345    6  375   36
 0.91707E+00 0.42562E-02 0.15380E-01 0.12019E+02      5350    6  375   36
 0.99087E+00 0.42570E-02 0.15119E-01 0.12340E+02      5355    6  375   36
 0.10944E+01 0.42512E-02 0.15389E-01 0.12019E+02      5360    6  373   36
 0.99751E+00 0.42474E-02 0.15048E-01 0.12340E+02      5365    6  374   36
 0.11068E+01 0.42455E-02 0.15398E-01 0.12018E+02      5370    6  374   37
 0.10240E+01 0.42473E-02 0.15044E-01 0.12340E+02      5375    7  378   37
 0.10728E+01 0.42492E-02 0.15404E-01 0.12018E+02      5380    7  378   37
 0.96678E+00 0.42533E-02 0.15057E-01 0.12340E+02      5385    8  182   36
 0.10776E+01 0.42557E-02 0.15404E-01 0.12018E+02      5390    7  180   35
 0.10572E+01 0.42637E-02 0.15087E-01 0.12340E+02      5395    7  377   37
 0.11040E+01 0.42739E-02 0.15395E-01 0.12018E+02      5400    7  180   35
 0.12250E+01 0.42807E-02 0.15119E-01 0.12340E+02      5405    8  182   36
 0.12539E+01 0.42850E-02 0.15371E-01 0.12018E+02      5410    8  182   37
 0.12346E+01 0.42887E-02 0.15165E-01 0.12340E+02      5415    9  183   36
 0.11415E+01 0.42937E-02 0.15365E-01 0.12018E+02      5420    7  177   37
 0.13325E+01 0.42979E-02 0.15202E-01 0.12340E+02      5425    9  183   36
 0.11693E+01 0.42991E-02 0.15346E-01 0.12018E+02      5430    7  179   35
 0.14373E+01 0.43042E-02 0.15227E-01 0.12340E+02      5435    9  183   36
 0.10994E+01 0.42984E-02 0.15328E-01 0.12018E+02      5440    7  177   37
 0.10647E+01 0.42952E-02 0.15257E-01 0.12339E+02      5445    7  178   37
 0.95301E+00 0.42928E-02 0.15330E-01 0.12018E+02      5450    7  177   37
 0.11586E+01 0.42895E-02 0.15306E-01 0.12339E+02      5455    7  178   37
 0.10665E+01 0.42773E-02 0.15316E-01 0.12018E+02      5460    8  181   36
 0.11731E+01 0.42679E-02 0.15346E-01 0.12339E+02      5465    7  178   37
 0.10660E+01 0.42493E-02 0.15268E-01 0.12018E+02      5470    7  374   37
 0.10788E+01 0.42420E-02 0.15392E-01 0.12339E+02      5475    7  178   37
 0.96721E+00 0.42289E-02 0.15246E-01 0.12018E+02      5480    8  176   37
 0.10893E+01 0.42306E-02 0.15458E-01 0.12339E+02      5485    8  176   36
 0.10848E+01 0.42200E-02 0.15232E-01 0.12018E+02      5490    8  176   37
 0.12406E+01 0.42228E-02 0.15496E-01 0.12338E+02      5495    8  176   36
 0.10272E+01 0.42242E-02 0.15178E-01 0.12019E+02      5500    9  182   37
 0.10046E+01 0.42303E-02 0.15492E-01 0.12338E+02      5505    8  180   35
 0.12645E+01 0.42435E-02 0.15148E-01 0.12019E+02      5510    8  176   37
 0.10391E+01 0.42577E-02 0.15460E-01 0.12337E+02      5515    9  182   36
 0.13079E+01 0.42732E-02 0.15124E-01 0.12019E+02      5520    8  176   37
 0.13060E+01 0.42882E-02 0.15400E-01 0.12337E+02      5525    8  180   35
 0.12179E+01 0.42989E-02 0.15093E-01 0.12019E+02      5530    8  176   37
 0.13845E+01 0.43109E-02 0.15322E-01 0.12337E+02      5535    8  180   35
 0.14825E+01 0.43228E-02 0.15085E-01 0.12019E+02      5540    8  176   37
 0.12848E+01 0.43291E-02 0.15263E-01 0.12337E+02      5545    8  180   35
 0.12943E+01 0.43316E-02 0.15109E-01 0.12019E+02      5550    8  180   37
 0.14620E+01 0.43307E-02 0.15361E-01 0.12337E+02      5555    8  180   36
 0.14795E+01 0.43280E-02 0.15151E-01 0.12019E+02      5560    8  180   37
 0.12560E+01 0.43198E-02 0.15612E-01 0.12337E+02      5565    8  180   36
 0.15664E+01 0.43233E-02 0.15196E-01 0.12018E+02      5570    8  180   37
 0.11580E+01 0.43183E-02 0.15798E-01 0.12337E+02      5575    9  181   36
 0.13150E+01 0.43274E-02 0.15226E-01 0.12018E+02      5580    8  179   35
 0.10172E+01 0.43191E-02 0.15913E-01 0.12337E+02      5585    9  181   36
 0.12846E+01 0.43249E-02 0.15256E-01 0.12018E+02      5590    9  181   37
 0.10843E+01 0.43150E-02 0.15939E-01 0.12337E+02      5595    9  181   36
 0.13472E+01 0.43204E-02 0.15253E-01 0.12018E+02      5600    9  181   37
 0.11722E+01 0.43187E-02 0.15886E-01 0.12337E+02      5605    9  181   36
 0.13684E+01 0.43258E-02 0.15246E-01 0.12018E+02      5610    8  179   37
 0.11495E+01 0.43221E-02 0.15769E-01 0.12337E+02      5615    9  181   36
 0.11756E+01 0.43340E-02 0.15220E-01 0.12018E+02      5620    9  181   37
 0.10371E+01 0.43356E-02 0.15588E-01 0.12337E+02      5625    9  180   37
 0.11966E+01 0.43478E-02 0.15199E-01 0.12018E+02      5630    9  177   35
 0.11243E+01 0.43590E-02 0.15337E-01 0.12337E+02      5635    9  180   37
 0.11370E+01 0.43659E-02 0.15187E-01 0.12018E+02      5640    9  177   35
 0.11819E+01 0.43794E-02 0.15043E-01 0.12337E+02      5645    9  180   37
 0.94466E+00 0.43908E-02 0.15208E-01 0.12018E+02      5650    5  376   37
 0.10966E+01 0.44003E-02 0.14794E-01 0.12337E+02      5655    9  178   35
 0.99217E+00 0.44037E-02 0.15217E-01 0.12019E+02      5660    9  180   36
 0.13211E+01 0.44107E-02 0.14728E-01 0.12337E+02      5665    9  180   35
 0.11751E+01 0.44115E-02 0.15227E-01 0.12019E+02      5670    9  179   35
 0.14052E+01 0.44140E-02 0.14765E-01 0.12336E+02      5675    9  180   35
 0.88739E+00 0.44045E-02 0.15257E-01 0.12018E+02      5680    9  179   35
 0.15613E+01 0.44023E-02 0.14839E-01 0.12337E+02      5685    9  180   35
 0.11541E+01 0.43897E-02 0.15272E-01 0.12018E+02      5690    9  179   35
 0.10009E+01 0.43848E-02 0.14863E-01 0.12337E+02      5695    6  377   37
 0.14629E+01 0.43719E-02 0.15280E-01 0.12018E+02      5700    9  179   35
 0.90250E+00 0.43660E-02 0.14891E-01 0.12337E+02      5705    9  178   37
 0.76405E+00 0.43586E-02 0.15292E-01 0.12018E+02      5710    5  372   36
 0.84415E+00 0.43580E-02 0.14896E-01 0.12337E+02      5715   10  176   35
 0.79343E+00 0.43541E-02 0.15307E-01 0.12018E+02      5720    5  374   37
 0.83869E+00 0.43582E-02 0.14871E-01 0.12337E+02      5725    5  374   37
 0.88286E+00 0.43657E-02 0.15317E-01 0.12018E+02      5730    5  374   37
 0.79875E+00 0.43765E-02 0.14851E-01 0.12337E+02      5735   10  177   36
 0.86657E+00 0.43948E-02 0.15549E-01 0.12018E+02      5740   10  177   35
 0.84066E+00 0.44038E-02 0.14815E-01 0.12338E+02      5745   10  177   36
 0.82209E+00 0.44234E-02 0.15749E-01 0.12018E+02      5750    4  178   35
 0.79493E+00 0.44296E-02 0.14757E-01 0.12338E+02      5755    6  371   36
 0.88783E+00 0.44438E-02 0.15875E-01 0.12018E+02      5760    6  371   36
 0.98723E+00 0.44476E-02 0.14714E-01 0.12338E+02      5765    6  371   36
 0.10981E+01 0.44590E-02 0.15970E-01 0.12018E+02      5770    6  371   36
 0.11781E+01 0.44679E-02 0.14686E-01 0.12338E+02      5775    6  371   36
 0.10627E+01 0.44745E-02 0.16018E-01 0.12017E+02      5780    5  180   35
 0.99540E+00 0.44757E-02 0.14632E-01 0.12339E+02      5785    9  179   37
 0.11744E+01 0.44838E-02 0.16024E-01 0.12017E+02      5790    5  180   35
 0.10090E+01 0.44785E-02 0.14579E-01 0.12339E+02      5795    6  372   36
 0.12261E+01 0.44801E-02 0.16024E-01 0.12017E+02      5800    5  180   35
 0.11288E+01 0.44834E-02 0.14591E-01 0.12339E+02      5805    5  180   36
 0.12536E+01 0.44899E-02 0.16007E-01 0.12016E+02      5810    5  180   35
 0.13053E+01 0.44844E-02 0.14588E-01 0.12340E+02      5815    5  180   36
 0.12400E+01 0.44885E-02 0.15990E-01 0.12016E+02      5820    5  180   35
 0.13976E+01 0.44885E-02 0.14638E-01 0.12340E+02      5825    5  180   36
 0.11865E+01 0.45002E-02 0.15984E-01 0.12016E+02      5830    5  180   37
 0.88917E+00 0.45102E-02 0.14673E-01 0.12340E+02      5835    5  179   35
 0.12670E+01 0.45266E-02 0.15968E-01 0.12016E+02      5840    5  180   37
 0.93090E+00 0.45389E-02 0.14668E-01 0.12340E+02      5845    6  181   36
 0.12033E+01 0.45634E-02 0.15984E-01 0.12016E+02      5850    5  180   37
 0.99545E+00 0.45869E-02 0.14694E-01 0.12340E+02      5855    6  181   36
 0.10787E+01 0.46126E-02 0.15993E-01 0.12016E+02      5860    5  180   37
 0.10281E+01 0.46293E-02 0.14715E-01 0.12340E+02      5865    6  181   36
 0.10313E+01 0.46483E-02 0.15957E-01 0.12016E+02      5870    6  181   37
 0.10723E+01 0.46652E-02 0.14769E-01 0.12340E+02      5875    6  181   36
 0.10057E+01 0.46796E-02 0.15894E-01 0.12016E+02      5880    6  181   37
 0.98080E+00 0.46795E-02 0.14830E-01 0.12340E+02      5885    7  373   37
 0.10006E+01 0.46856E-02 0.15774E-01 0.12016E+02      5890    7  373   37
 0.99613E+00 0.46778E-02 0.14862E-01 0.12340E+02      5895    7  373   37
 0.97613E+00 0.46732E-02 0.15606E-01 0.12016E+02      5900    7  375   37
 0.88665E+00 0.46638E-02 0.14872E-01 0.12340E+02      5905    7  373   37
 0.89099E+00 0.46595E-02 0.15589E-01 0.12016E+02      5910    5  178   36
 0.94064E+00 0.46544E-02 0.14871E-01 0.12340E+02      5915    5  178   35
 0.89507E+00 0.46586E-02 0.15607E-01 0.12016E+02      5920    5  177   36
 0.10056E+01 0.46547E-02 0.14848E-01 0.12340E+02      5925    5  178   35
 0.10608E+01 0.46577E-02 0.15608E-01 0.12016E+02      5930    5  178   36
 0.97128E+00 0.46613E-02 0.14821E-01 0.12340E+02      5935    6  180   36
 0.11034E+01 0.46602E-02 0.15593E-01 0.12016E+02      5940    5  178   36
 0.10873E+01 0.46632E-02 0.14908E-01 0.12339E+02      5945    6  180   36
 0.11692E+01 0.46643E-02 0.15585E-01 0.12016E+02      5950    5  177   36
 0.11498E+01 0.46673E-02 0.14998E-01 0.12339E+02      5955    6  180   36
 0.12440E+01 0.46679E-02 0.15583E-01 0.12016E+02      5960    5  177   36
 0.11603E+01 0.46700E-02 0.15080E-01 0.12339E+02      5965    6  180   36
 0.13066E+01 0.46713E-02 0.15573E-01 0.12017E+02      5970    5  177   36
 0.11622E+01 0.46718E-02 0.15143E-01 0.12339E+02      5975    5  176   37
 0.13523E+01 0.46717E-02 0.15589E-01 0.12017E+02      5980    5  177   36
 0.12456E+01 0.46704E-02 0.15211E-01 0.12340E+02      5985    5  177   37
 0.12482E+01 0.46681E-02 0.15615E-01 0.12017E+02      5990    5  177   36
 0.10840E+01 0.46552E-02 0.15259E-01 0.12340E+02      5995    5  177   37
-0.95673E+00 0.46452E-02 0.15627E-01 0.12017E+02      6000    7  373   37
 0.96569E+00 0.46317E-02 0.15396E-01 0.12340E+02      6005    5  177   37
-0.90255E+00 0.46237E-02 0.15639E-01 0.12017E+02      6010    7  373   37
 0.91273E+00 0.46106E-02 0.15540E-01 0.12340E+02      6015    4  371   37
 0.95614E+00 0.46082E-02 0.15639E-01 0.12017E+02      6020    4  371   37
 0.99089E+00 0.45972E-02 0.15602E-01 0.12340E+02      6025    5  369   36
 0.10540E+01 0.45915E-02 0.15638E-01 0.12017E+02      6030    4  371   37
 0.10182E+01 0.45764E-02 0.15591E-01 0.12340E+02      6035    6  179   36
 0.10871E+01 0.45703E-02 0.15625E-01 0.12017E+02      6040    5  376   37
 0.10623E+01 0.45547E-02 0.15512E-01 0.12339E+02      6045    6  179   36
 0.73304E+00 0.45498E-02 0.15604E-01 0.12017E+02      6050    9  183   36
 0.96564E+00 0.45483E-02 0.15373E-01 0.12339E+02      6055    4  372   37
 0.96710E+00 0.45515E-02 0.15579E-01 0.12018E+02      6060    9  183   36
 0.89531E+00 0.45468E-02 0.15174E-01 0.12339E+02      6065    5  370   37
 0.12111E+01 0.45538E-02 0.15547E-01 0.12018E+02      6070    9  183   36
 0.95111E+00 0.45515E-02 0.15043E-01 0.12339E+02      6075    4  373   36
 0.90749E+00 0.45572E-02 0.15514E-01 0.12018E+02      6080    9  183   35
 0.77442E+00 0.45537E-02 0.15049E-01 0.12338E+02      6085    6  377   36
 0.79844E+00 0.45576E-02 0.15481E-01 0.12019E+02      6090    6  178   36
 0.10158E+01 0.45562E-02 0.15051E-01 0.12338E+02      6095    6  178   35
 0.92455E+00 0.45589E-02 0.15465E-01 0.12019E+02      6100    6  178   36
 0.92551E+00 0.45534E-02 0.15084E-01 0.12338E+02      6105    6  178   35
 0.88804E+00 0.45481E-02 0.15447E-01 0.12019E+02      6110    6  178   36
 0.92819E+00 0.45349E-02 0.15092E-01 0.12338E+02      6115    5  371   36
 0.94058E+00 0.45159E-02 0.15435E-01 0.12019E+02      6120    5  371   36
 0.96519E+00 0.44985E-02 0.15075E-01 0.12337E+02      6125    6  177   36
 0.88558E+00 0.44847E-02 0.15423E-01 0.12019E+02      6130    5  374   37
 0.97389E+00 0.44745E-02 0.15044E-01 0.12337E+02      6135    6  177   36
 0.98878E+00 0.44630E-02 0.15430E-01 0.12019E+02      6140    6  176   37
 0.98117E+00 0.44476E-02 0.15014E-01 0.12337E+02      6145    6  177   36
 0.11212E+01 0.44317E-02 0.15442E-01 0.12019E+02      6150    6  176   37
 0.11512E+01 0.44142E-02 0.14974E-01 0.12337E+02      6155    6  177   37
 0.78074E+00 0.44067E-02 0.15434E-01 0.12019E+02      6160    6  370   37
 0.10261E+01 0.44016E-02 0.14917E-01 0.12337E+02      6165    6  177   37
 0.82869E+00 0.43989E-02 0.15411E-01 0.12020E+02      6170    6  370   37
 0.86054E+00 0.44017E-02 0.14843E-01 0.12337E+02      6175    6  370   37
 0.88810E+00 0.44036E-02 0.15392E-01 0.12020E+02      6180    6  370   37
 0.90825E+00 0.44059E-02 0.14763E-01 0.12337E+02      6185    6  370   37
 0.92373E+00 0.44093E-02 0.15391E-01 0.12020E+02      6190    6  370   37
 0.91896E+00 0.44144E-02 0.14681E-01 0.12337E+02      6195    6  370   37
 0.90005E+00 0.44168E-02 0.15394E-01 0.12020E+02      6200    6  370   37
 0.80810E+00 0.44199E-02 0.14595E-01 0.12337E+02      6205    6  371   37
 0.89044E+00 0.44261E-02 0.15399E-01 0.12020E+02      6210    6  371   37
 0.95120E+00 0.44241E-02 0.14499E-01 0.12337E+02      6215    7  179   36
 0.10013E+01 0.44217E-02 0.15415E-01 0.12020E+02      6220    7  179   37
